15:01:17 **** Build of configuration Debug for project SerialConsoleTemplate ****
make -j8 all 
arm-none-eabi-size   SerialConsoleTemplate.elf 
   text	   data	    bss	    dec	    hex	filename
  22124	    472	   1584	  24180	   5e74	SerialConsoleTemplate.elf
Finished building: default.size.stdout
 
15:01:26 **** Incremental Build of configuration Debug for project SerialConsoleTemplate ****
make -j8 all 
arm-none-eabi-size   SerialConsoleTemplate.elf 
   text	   data	    bss	    dec	    hex	filename
  22124	    472	   1584	  24180	   5e74	SerialConsoleTemplate.elf
Finished building: default.size.stdout
 
15:02:35 **** Incremental Build of configuration Debug for project SerialConsoleTemplate ****
make -j8 all 
arm-none-eabi-size   SerialConsoleTemplate.elf 
   text	   data	    bss	    dec	    hex	filename
  22124	    472	   1584	  24180	   5e74	SerialConsoleTemplate.elf
Finished building: default.size.stdout
 
15:02:50 **** Incremental Build of configuration Debug for project SerialConsoleTemplate ****
make -j8 all 
arm-none-eabi-size   SerialConsoleTemplate.elf 
   text	   data	    bss	    dec	    hex	filename
  22124	    472	   1584	  24180	   5e74	SerialConsoleTemplate.elf
Finished building: default.size.stdout
 
15:06:44 **** Incremental Build of configuration Debug for project SerialConsoleTemplate ****
make -j8 all 
arm-none-eabi-size   SerialConsoleTemplate.elf 
   text	   data	    bss	    dec	    hex	filename
  22124	    472	   1584	  24180	   5e74	SerialConsoleTemplate.elf
Finished building: default.size.stdout
 
15:19:08 **** Incremental Build of configuration Debug for project SerialConsoleTemplate ****
make -j8 all 
arm-none-eabi-gcc "../Src/main.c" -mcpu=cortex-m4 -std=gnu11 -g3 -DSTM32 -DSTM32F4 -DSTM32F446RETx -DDEBUG -DNUCLEO_F446RE -c -I../Inc -O0 -ffunction-sections -fdata-sections -Wall -fstack-usage -MMD -MP -MF"Src/main.d" -MT"Src/main.o" --specs=nano.specs -mfloat-abi=soft -mthumb -o "Src/main.o"
arm-none-eabi-gcc -o "SerialConsoleTemplate.elf" @"objects.list"   -mcpu=cortex-m4 -T"C:\Users\yanga\STM32CubeIDE\workspace_1.1.0\SerialConsoleTemplate\STM32F446RETX_FLASH.ld" --specs=nosys.specs -Wl,-Map="SerialConsoleTemplate.map" -Wl,--gc-sections -static --specs=nano.specs -mfloat-abi=soft -mthumb -u _printf_float -u _scanf_float -Wl,--start-group -lc -lm -Wl,--end-group
Finished building target: SerialConsoleTemplate.elf
 
arm-none-eabi-objdump -h -S  SerialConsoleTemplate.elf  > "SerialConsoleTemplate.list"
arm-none-eabi-objcopy  -O binary  SerialConsoleTemplate.elf  "SerialConsoleTemplate.bin"
arm-none-eabi-size   SerialConsoleTemplate.elf 
   text	   data	    bss	    dec	    hex	filename
  22740	    472	   1584	  24796	   60dc	SerialConsoleTemplate.elf
Finished building: default.size.stdout
Finished building: SerialConsoleTemplate.list
Finished building: SerialConsoleTemplate.bin
 
 
 
15:19:29 **** Incremental Build of configuration Debug for project SerialConsoleTemplate ****
make -j8 all 
arm-none-eabi-size   SerialConsoleTemplate.elf 
   text	   data	    bss	    dec	    hex	filename
  22740	    472	   1584	  24796	   60dc	SerialConsoleTemplate.elf
Finished building: default.size.stdout
 
15:26:36 **** Incremental Build of configuration Debug for project RingBuffer ****
make -j8 all 
arm-none-eabi-gcc "../Src/main.c" -mcpu=cortex-m4 -std=gnu11 -g3 -DSTM32 -DSTM32F4 -DSTM32F446RETx -DDEBUG -DNUCLEO_F446RE -c -I../Inc -O0 -ffunction-sections -fdata-sections -Wall -fstack-usage -MMD -MP -MF"Src/main.d" -MT"Src/main.o" --specs=nano.specs -mfloat-abi=soft -mthumb -o "Src/main.o"
arm-none-eabi-gcc "../Src/uart_driver.c" -mcpu=cortex-m4 -std=gnu11 -g3 -DSTM32 -DSTM32F4 -DSTM32F446RETx -DDEBUG -DNUCLEO_F446RE -c -I../Inc -O0 -ffunction-sections -fdata-sections -Wall -fstack-usage -MMD -MP -MF"Src/uart_driver.d" -MT"Src/uart_driver.o" --specs=nano.specs -mfloat-abi=soft -mthumb -o "Src/uart_driver.o"
../Src/main.c: In function 'main':
../Src/main.c:24:19: warning: initialization makes pointer from integer without a cast [-Wint-conversion]
  uint32_t *nvic = (uint32_t) (NVIC_BASE + NVIC_ISER1);
                   ^
../Src/uart_driver.c: In function 'USART2_IRQHandler':
../Src/uart_driver.c:116:23: warning: initialization makes pointer from integer without a cast [-Wint-conversion]
   uint32_t *txe_int = (uint32_t)(USART2_BASEA + USART_CR1A);
                       ^
At top level:
../Src/uart_driver.c:13:19: warning: 'transmitbuffer' defined but not used [-Wunused-variable]
 static RingBuffer transmitbuffer = {0,0};
                   ^~~~~~~~~~~~~~
arm-none-eabi-gcc -o "RingBuffer.elf" @"objects.list"   -mcpu=cortex-m4 -T"C:\Users\yanga\STM32CubeIDE\workspace_1.1.0\RingBuffer\STM32F446RETX_FLASH.ld" --specs=nosys.specs -Wl,-Map="RingBuffer.map" -Wl,--gc-sections -static --specs=nano.specs -mfloat-abi=soft -mthumb -u _printf_float -u _scanf_float -Wl,--start-group -lc -lm -Wl,--end-group
Finished building target: RingBuffer.elf
 
arm-none-eabi-objdump -h -S  RingBuffer.elf  > "RingBuffer.list"
arm-none-eabi-objcopy  -O binary  RingBuffer.elf  "RingBuffer.bin"
arm-none-eabi-size   RingBuffer.elf 
   text	   data	    bss	    dec	    hex	filename
  22436	    472	   1640	  24548	   5fe4	RingBuffer.elf
Finished building: default.size.stdout
Finished building: RingBuffer.list
Finished building: RingBuffer.bin
 
 
 
15:27:18 **** Incremental Build of configuration Debug for project RingBuffer ****
make -j8 all 
arm-none-eabi-size   RingBuffer.elf 
   text	   data	    bss	    dec	    hex	filename
  22436	    472	   1640	  24548	   5fe4	RingBuffer.elf
Finished building: default.size.stdout
 
16:21:19 **** Incremental Build of configuration Debug for project RingBuffer ****
make -j8 all 
arm-none-eabi-gcc "../Src/uart_driver.c" -mcpu=cortex-m4 -std=gnu11 -g3 -DSTM32 -DSTM32F4 -DSTM32F446RETx -DDEBUG -DNUCLEO_F446RE -c -I../Inc -O0 -ffunction-sections -fdata-sections -Wall -fstack-usage -MMD -MP -MF"Src/uart_driver.d" -MT"Src/uart_driver.o" --specs=nano.specs -mfloat-abi=soft -mthumb -o "Src/uart_driver.o"
../Src/uart_driver.c: In function 'USART_ISR':
../Src/uart_driver.c:109:23: warning: initialization makes pointer from integer without a cast [-Wint-conversion]
   uint32_t *txe_int = (uint32_t)(USART_CR1);
                       ^
../Src/uart_driver.c: In function 'USART2_IRQHandler':
../Src/uart_driver.c:133:23: warning: initialization makes pointer from integer without a cast [-Wint-conversion]
   uint32_t *txe_int = (uint32_t)(USART_CR1);
                       ^
At top level:
../Src/uart_driver.c:13:19: warning: 'transmitbuffer' defined but not used [-Wunused-variable]
 static RingBuffer transmitbuffer = {0,0};
                   ^~~~~~~~~~~~~~
arm-none-eabi-gcc -o "RingBuffer.elf" @"objects.list"   -mcpu=cortex-m4 -T"C:\Users\yanga\STM32CubeIDE\workspace_1.1.0\RingBuffer\STM32F446RETX_FLASH.ld" --specs=nosys.specs -Wl,-Map="RingBuffer.map" -Wl,--gc-sections -static --specs=nano.specs -mfloat-abi=soft -mthumb -u _printf_float -u _scanf_float -Wl,--start-group -lc -lm -Wl,--end-group
Finished building target: RingBuffer.elf
 
arm-none-eabi-objdump -h -S  RingBuffer.elf  > "RingBuffer.list"
arm-none-eabi-objcopy  -O binary  RingBuffer.elf  "RingBuffer.bin"
arm-none-eabi-size   RingBuffer.elf 
   text	   data	    bss	    dec	    hex	filename
  22436	    472	   1640	  24548	   5fe4	RingBuffer.elf
Finished building: default.size.stdout
Finished building: RingBuffer.list
Finished building: RingBuffer.bin
 
 
 
16:21:37 **** Incremental Build of configuration Debug for project RingBuffer ****
make -j8 all 
arm-none-eabi-size   RingBuffer.elf 
   text	   data	    bss	    dec	    hex	filename
  22436	    472	   1640	  24548	   5fe4	RingBuffer.elf
Finished building: default.size.stdout
 
16:23:14 **** Incremental Build of configuration Debug for project RingBuffer ****
make -j8 all 
arm-none-eabi-size   RingBuffer.elf 
   text	   data	    bss	    dec	    hex	filename
  22436	    472	   1640	  24548	   5fe4	RingBuffer.elf
Finished building: default.size.stdout
 
16:23:25 **** Incremental Build of configuration Debug for project RingBuffer ****
make -j8 all 
arm-none-eabi-size   RingBuffer.elf 
   text	   data	    bss	    dec	    hex	filename
  22436	    472	   1640	  24548	   5fe4	RingBuffer.elf
Finished building: default.size.stdout
 
16:31:01 **** Incremental Build of configuration Debug for project RingBuffer ****
make -j8 all 
arm-none-eabi-gcc "../Src/main.c" -mcpu=cortex-m4 -std=gnu11 -g3 -DSTM32 -DSTM32F4 -DSTM32F446RETx -DDEBUG -DNUCLEO_F446RE -c -I../Inc -O0 -ffunction-sections -fdata-sections -Wall -fstack-usage -MMD -MP -MF"Src/main.d" -MT"Src/main.o" --specs=nano.specs -mfloat-abi=soft -mthumb -o "Src/main.o"
../Src/main.c: In function 'main':
../Src/main.c:24:19: warning: initialization makes pointer from integer without a cast [-Wint-conversion]
  uint32_t *nvic = (uint32_t) (NVIC_BASE + NVIC_ISER1);
                   ^
../Src/main.c:27:22: warning: initialization makes pointer from integer without a cast [-Wint-conversion]
  uint32_t *txe_int = (uint32_t)(USART2_BASEA + USART_CR1A);
                      ^
arm-none-eabi-gcc -o "RingBuffer.elf" @"objects.list"   -mcpu=cortex-m4 -T"C:\Users\yanga\STM32CubeIDE\workspace_1.1.0\RingBuffer\STM32F446RETX_FLASH.ld" --specs=nosys.specs -Wl,-Map="RingBuffer.map" -Wl,--gc-sections -static --specs=nano.specs -mfloat-abi=soft -mthumb -u _printf_float -u _scanf_float -Wl,--start-group -lc -lm -Wl,--end-group
Finished building target: RingBuffer.elf
 
arm-none-eabi-objdump -h -S  RingBuffer.elf  > "RingBuffer.list"
arm-none-eabi-objcopy  -O binary  RingBuffer.elf  "RingBuffer.bin"
arm-none-eabi-size   RingBuffer.elf 
   text	   data	    bss	    dec	    hex	filename
  22460	    472	   1640	  24572	   5ffc	RingBuffer.elf
Finished building: RingBuffer.list
Finished building: RingBuffer.bin
Finished building: default.size.stdout
 
 
 
16:31:17 **** Incremental Build of configuration Debug for project RingBuffer ****
make -j8 all 
arm-none-eabi-size   RingBuffer.elf 
   text	   data	    bss	    dec	    hex	filename
  22460	    472	   1640	  24572	   5ffc	RingBuffer.elf
Finished building: default.size.stdout
 
16:33:38 **** Incremental Build of configuration Debug for project RingBuffer ****
make -j8 all 
arm-none-eabi-size   RingBuffer.elf 
   text	   data	    bss	    dec	    hex	filename
  22460	    472	   1640	  24572	   5ffc	RingBuffer.elf
Finished building: default.size.stdout
 
17:13:29 **** Incremental Build of configuration Debug for project RingBuffer ****
make -j8 all 
arm-none-eabi-gcc "../Src/main.c" -mcpu=cortex-m4 -std=gnu11 -g3 -DSTM32 -DSTM32F4 -DSTM32F446RETx -DDEBUG -DNUCLEO_F446RE -c -I../Inc -O0 -ffunction-sections -fdata-sections -Wall -fstack-usage -MMD -MP -MF"Src/main.d" -MT"Src/main.o" --specs=nano.specs -mfloat-abi=soft -mthumb -o "Src/main.o"
arm-none-eabi-gcc "../Src/uart_driver.c" -mcpu=cortex-m4 -std=gnu11 -g3 -DSTM32 -DSTM32F4 -DSTM32F446RETx -DDEBUG -DNUCLEO_F446RE -c -I../Inc -O0 -ffunction-sections -fdata-sections -Wall -fstack-usage -MMD -MP -MF"Src/uart_driver.d" -MT"Src/uart_driver.o" --specs=nano.specs -mfloat-abi=soft -mthumb -o "Src/uart_driver.o"
../Src/main.c: In function 'main':
../Src/main.c:24:19: warning: initialization makes pointer from integer without a cast [-Wint-conversion]
  uint32_t *nvic = (uint32_t) (NVIC_BASE + NVIC_ISER1);
                   ^
../Src/main.c:27:22: warning: initialization makes pointer from integer without a cast [-Wint-conversion]
  uint32_t *txe_int = (uint32_t)(USART2_BASEA + USART_CR1A);
                      ^
../Src/uart_driver.c: In function 'usart2_getch':
../Src/uart_driver.c:57:22: warning: initialization makes pointer from integer without a cast [-Wint-conversion]
  uint32_t *txe_int = (uint32_t)(USART2_BASEA + USART_CR1A);
                      ^
../Src/uart_driver.c: In function 'USART_ISR':
../Src/uart_driver.c:113:23: warning: initialization makes pointer from integer without a cast [-Wint-conversion]
   uint32_t *txe_int = (uint32_t)(USART_CR1);
                       ^
../Src/uart_driver.c: In function 'USART2_IRQHandler':
../Src/uart_driver.c:132:17: error: 'trasmitbuffer' undeclared (first use in this function); did you mean 'transmitbuffer'?
  if(hasElement(&trasmitbuffer)) {
                 ^~~~~~~~~~~~~
                 transmitbuffer
../Src/uart_driver.c:132:17: note: each undeclared identifier is reported only once for each function it appears in
../Src/uart_driver.c:138:23: warning: initialization makes pointer from integer without a cast [-Wint-conversion]
   uint32_t *txe_int = (uint32_t)(USART_CR1);
                       ^
make: *** [Src/subdir.mk:38: Src/uart_driver.o] Error 1
make: *** Waiting for unfinished jobs....
"make -j8 all" terminated with exit code 2. Build might be incomplete.
17:14:34 **** Incremental Build of configuration Debug for project RingBuffer ****
make -j8 all 
arm-none-eabi-gcc "../Src/uart_driver.c" -mcpu=cortex-m4 -std=gnu11 -g3 -DSTM32 -DSTM32F4 -DSTM32F446RETx -DDEBUG -DNUCLEO_F446RE -c -I../Inc -O0 -ffunction-sections -fdata-sections -Wall -fstack-usage -MMD -MP -MF"Src/uart_driver.d" -MT"Src/uart_driver.o" --specs=nano.specs -mfloat-abi=soft -mthumb -o "Src/uart_driver.o"
../Src/uart_driver.c: In function 'usart2_getch':
../Src/uart_driver.c:57:22: warning: initialization makes pointer from integer without a cast [-Wint-conversion]
  uint32_t *txe_int = (uint32_t)(USART2_BASEA + USART_CR1A);
                      ^
../Src/uart_driver.c: In function 'USART_ISR':
../Src/uart_driver.c:113:23: warning: initialization makes pointer from integer without a cast [-Wint-conversion]
   uint32_t *txe_int = (uint32_t)(USART_CR1);
                       ^
../Src/uart_driver.c: In function 'USART2_IRQHandler':
../Src/uart_driver.c:139:23: warning: initialization makes pointer from integer without a cast [-Wint-conversion]
   uint32_t *txe_int = (uint32_t)(USART_CR1);
                       ^
arm-none-eabi-gcc -o "RingBuffer.elf" @"objects.list"   -mcpu=cortex-m4 -T"C:\Users\yanga\STM32CubeIDE\workspace_1.1.0\RingBuffer\STM32F446RETX_FLASH.ld" --specs=nosys.specs -Wl,-Map="RingBuffer.map" -Wl,--gc-sections -static --specs=nano.specs -mfloat-abi=soft -mthumb -u _printf_float -u _scanf_float -Wl,--start-group -lc -lm -Wl,--end-group
Finished building target: RingBuffer.elf
 
arm-none-eabi-objdump -h -S  RingBuffer.elf  > "RingBuffer.list"
arm-none-eabi-objcopy  -O binary  RingBuffer.elf  "RingBuffer.bin"
arm-none-eabi-size   RingBuffer.elf 
   text	   data	    bss	    dec	    hex	filename
  22484	    472	   1704	  24660	   6054	RingBuffer.elf
Finished building: default.size.stdout
Finished building: RingBuffer.list
Finished building: RingBuffer.bin
 
 
 
17:14:49 **** Incremental Build of configuration Debug for project RingBuffer ****
make -j8 all 
arm-none-eabi-size   RingBuffer.elf 
   text	   data	    bss	    dec	    hex	filename
  22484	    472	   1704	  24660	   6054	RingBuffer.elf
Finished building: default.size.stdout
 
17:17:25 **** Incremental Build of configuration Debug for project RingBuffer ****
make -j8 all 
arm-none-eabi-size   RingBuffer.elf 
   text	   data	    bss	    dec	    hex	filename
  22484	    472	   1704	  24660	   6054	RingBuffer.elf
Finished building: default.size.stdout
 
17:21:58 **** Incremental Build of configuration Debug for project RingBuffer ****
make -j8 all 
arm-none-eabi-gcc "../Src/uart_driver.c" -mcpu=cortex-m4 -std=gnu11 -g3 -DSTM32 -DSTM32F4 -DSTM32F446RETx -DDEBUG -DNUCLEO_F446RE -c -I../Inc -O0 -ffunction-sections -fdata-sections -Wall -fstack-usage -MMD -MP -MF"Src/uart_driver.d" -MT"Src/uart_driver.o" --specs=nano.specs -mfloat-abi=soft -mthumb -o "Src/uart_driver.o"
../Src/uart_driver.c: In function 'usart2_getch':
../Src/uart_driver.c:52:21: error: 'recievebuffer' undeclared (first use in this function); did you mean 'receivebuffer'?
  while(!hasElement(&recievebuffer));
                     ^~~~~~~~~~~~~
                     receivebuffer
../Src/uart_driver.c:52:21: note: each undeclared identifier is reported only once for each function it appears in
../Src/uart_driver.c:58:22: warning: initialization makes pointer from integer without a cast [-Wint-conversion]
  uint32_t *txe_int = (uint32_t)(USART2_BASEA + USART_CR1A);
                      ^
../Src/uart_driver.c: In function 'USART_ISR':
../Src/uart_driver.c:114:23: warning: initialization makes pointer from integer without a cast [-Wint-conversion]
   uint32_t *txe_int = (uint32_t)(USART_CR1);
                       ^
../Src/uart_driver.c: In function 'USART2_IRQHandler':
../Src/uart_driver.c:140:23: warning: initialization makes pointer from integer without a cast [-Wint-conversion]
   uint32_t *txe_int = (uint32_t)(USART_CR1);
                       ^
make: *** [Src/subdir.mk:38: Src/uart_driver.o] Error 1
"make -j8 all" terminated with exit code 2. Build might be incomplete.
17:22:14 **** Incremental Build of configuration Debug for project RingBuffer ****
make -j8 all 
arm-none-eabi-gcc "../Src/uart_driver.c" -mcpu=cortex-m4 -std=gnu11 -g3 -DSTM32 -DSTM32F4 -DSTM32F446RETx -DDEBUG -DNUCLEO_F446RE -c -I../Inc -O0 -ffunction-sections -fdata-sections -Wall -fstack-usage -MMD -MP -MF"Src/uart_driver.d" -MT"Src/uart_driver.o" --specs=nano.specs -mfloat-abi=soft -mthumb -o "Src/uart_driver.o"
../Src/uart_driver.c: In function 'usart2_getch':
../Src/uart_driver.c:58:22: warning: initialization makes pointer from integer without a cast [-Wint-conversion]
  uint32_t *txe_int = (uint32_t)(USART2_BASEA + USART_CR1A);
                      ^
../Src/uart_driver.c: In function 'USART_ISR':
../Src/uart_driver.c:114:23: warning: initialization makes pointer from integer without a cast [-Wint-conversion]
   uint32_t *txe_int = (uint32_t)(USART_CR1);
                       ^
../Src/uart_driver.c: In function 'USART2_IRQHandler':
../Src/uart_driver.c:140:23: warning: initialization makes pointer from integer without a cast [-Wint-conversion]
   uint32_t *txe_int = (uint32_t)(USART_CR1);
                       ^
arm-none-eabi-gcc -o "RingBuffer.elf" @"objects.list"   -mcpu=cortex-m4 -T"C:\Users\yanga\STM32CubeIDE\workspace_1.1.0\RingBuffer\STM32F446RETX_FLASH.ld" --specs=nosys.specs -Wl,-Map="RingBuffer.map" -Wl,--gc-sections -static --specs=nano.specs -mfloat-abi=soft -mthumb -u _printf_float -u _scanf_float -Wl,--start-group -lc -lm -Wl,--end-group
Finished building target: RingBuffer.elf
 
arm-none-eabi-objdump -h -S  RingBuffer.elf  > "RingBuffer.list"
arm-none-eabi-objcopy  -O binary  RingBuffer.elf  "RingBuffer.bin"
arm-none-eabi-size   RingBuffer.elf 
   text	   data	    bss	    dec	    hex	filename
  22500	    472	   1704	  24676	   6064	RingBuffer.elf
Finished building: default.size.stdout
Finished building: RingBuffer.list
Finished building: RingBuffer.bin
 
 
 
17:22:30 **** Incremental Build of configuration Debug for project RingBuffer ****
make -j8 all 
arm-none-eabi-size   RingBuffer.elf 
   text	   data	    bss	    dec	    hex	filename
  22500	    472	   1704	  24676	   6064	RingBuffer.elf
Finished building: default.size.stdout
 
17:23:20 **** Incremental Build of configuration Debug for project RingBuffer ****
make -j8 all 
arm-none-eabi-size   RingBuffer.elf 
   text	   data	    bss	    dec	    hex	filename
  22500	    472	   1704	  24676	   6064	RingBuffer.elf
Finished building: default.size.stdout
 
17:26:35 **** Incremental Build of configuration Debug for project RingBuffer ****
make -j8 all 
arm-none-eabi-gcc "../Src/uart_driver.c" -mcpu=cortex-m4 -std=gnu11 -g3 -DSTM32 -DSTM32F4 -DSTM32F446RETx -DDEBUG -DNUCLEO_F446RE -c -I../Inc -O0 -ffunction-sections -fdata-sections -Wall -fstack-usage -MMD -MP -MF"Src/uart_driver.d" -MT"Src/uart_driver.o" --specs=nano.specs -mfloat-abi=soft -mthumb -o "Src/uart_driver.o"
../Src/uart_driver.c: In function 'usart2_getch':
../Src/uart_driver.c:54:24: warning: initialization makes pointer from integer without a cast [-Wint-conversion]
    uint32_t *txe_int = (uint32_t)(USART2_BASEA + USART_CR1A);
                        ^
../Src/uart_driver.c: In function 'USART_ISR':
../Src/uart_driver.c:115:23: warning: initialization makes pointer from integer without a cast [-Wint-conversion]
   uint32_t *txe_int = (uint32_t)(USART_CR1);
                       ^
../Src/uart_driver.c: In function 'USART2_IRQHandler':
../Src/uart_driver.c:141:23: warning: initialization makes pointer from integer without a cast [-Wint-conversion]
   uint32_t *txe_int = (uint32_t)(USART_CR1);
                       ^
arm-none-eabi-gcc -o "RingBuffer.elf" @"objects.list"   -mcpu=cortex-m4 -T"C:\Users\yanga\STM32CubeIDE\workspace_1.1.0\RingBuffer\STM32F446RETX_FLASH.ld" --specs=nosys.specs -Wl,-Map="RingBuffer.map" -Wl,--gc-sections -static --specs=nano.specs -mfloat-abi=soft -mthumb -u _printf_float -u _scanf_float -Wl,--start-group -lc -lm -Wl,--end-group
Finished building target: RingBuffer.elf
 
arm-none-eabi-objdump -h -S  RingBuffer.elf  > "RingBuffer.list"
arm-none-eabi-objcopy  -O binary  RingBuffer.elf  "RingBuffer.bin"
arm-none-eabi-size   RingBuffer.elf 
   text	   data	    bss	    dec	    hex	filename
  22500	    472	   1704	  24676	   6064	RingBuffer.elf
Finished building: default.size.stdout
Finished building: RingBuffer.list
Finished building: RingBuffer.bin
 
 
 
17:26:50 **** Incremental Build of configuration Debug for project RingBuffer ****
make -j8 all 
arm-none-eabi-size   RingBuffer.elf 
   text	   data	    bss	    dec	    hex	filename
  22500	    472	   1704	  24676	   6064	RingBuffer.elf
Finished building: default.size.stdout
 
17:33:57 **** Incremental Build of configuration Debug for project RingBuffer ****
make -j8 all 
arm-none-eabi-gcc "../Src/uart_driver.c" -mcpu=cortex-m4 -std=gnu11 -g3 -DSTM32 -DSTM32F4 -DSTM32F446RETx -DDEBUG -DNUCLEO_F446RE -c -I../Inc -O0 -ffunction-sections -fdata-sections -Wall -fstack-usage -MMD -MP -MF"Src/uart_driver.d" -MT"Src/uart_driver.o" --specs=nano.specs -mfloat-abi=soft -mthumb -o "Src/uart_driver.o"
../Src/uart_driver.c: In function 'usart2_getch':
../Src/uart_driver.c:52:24: warning: initialization makes pointer from integer without a cast [-Wint-conversion]
    uint32_t *txe_int = (uint32_t)(USART_CR1);
                        ^
../Src/uart_driver.c: In function 'USART_ISR':
../Src/uart_driver.c:110:23: warning: initialization makes pointer from integer without a cast [-Wint-conversion]
   uint32_t *txe_int = (uint32_t)(USART_CR1);
                       ^
../Src/uart_driver.c: In function 'USART2_IRQHandler':
../Src/uart_driver.c:127:23: warning: initialization makes pointer from integer without a cast [-Wint-conversion]
   uint32_t *txe_int = (uint32_t)(USART_CR1);
                       ^
arm-none-eabi-gcc -o "RingBuffer.elf" @"objects.list"   -mcpu=cortex-m4 -T"C:\Users\yanga\STM32CubeIDE\workspace_1.1.0\RingBuffer\STM32F446RETX_FLASH.ld" --specs=nosys.specs -Wl,-Map="RingBuffer.map" -Wl,--gc-sections -static --specs=nano.specs -mfloat-abi=soft -mthumb -u _printf_float -u _scanf_float -Wl,--start-group -lc -lm -Wl,--end-group
Finished building target: RingBuffer.elf
 
arm-none-eabi-objdump -h -S  RingBuffer.elf  > "RingBuffer.list"
arm-none-eabi-objcopy  -O binary  RingBuffer.elf  "RingBuffer.bin"
arm-none-eabi-size   RingBuffer.elf 
   text	   data	    bss	    dec	    hex	filename
  22500	    472	   1704	  24676	   6064	RingBuffer.elf
Finished building: default.size.stdout
Finished building: RingBuffer.list
Finished building: RingBuffer.bin
 
 
 
17:43:08 **** Incremental Build of configuration Debug for project RingBuffer ****
make -j8 all 
arm-none-eabi-gcc "../Src/uart_driver.c" -mcpu=cortex-m4 -std=gnu11 -g3 -DSTM32 -DSTM32F4 -DSTM32F446RETx -DDEBUG -DNUCLEO_F446RE -c -I../Inc -O0 -ffunction-sections -fdata-sections -Wall -fstack-usage -MMD -MP -MF"Src/uart_driver.d" -MT"Src/uart_driver.o" --specs=nano.specs -mfloat-abi=soft -mthumb -o "Src/uart_driver.o"
../Src/uart_driver.c: In function 'usart2_getch':
../Src/uart_driver.c:56:22: warning: initialization makes pointer from integer without a cast [-Wint-conversion]
  uint32_t *txe_int = (uint32_t)(USART_CR1);
                      ^
../Src/uart_driver.c: In function 'USART_ISR':
../Src/uart_driver.c:113:23: warning: initialization makes pointer from integer without a cast [-Wint-conversion]
   uint32_t *txe_int = (uint32_t)(USART_CR1);
                       ^
../Src/uart_driver.c: In function 'USART2_IRQHandler':
../Src/uart_driver.c:130:23: warning: initialization makes pointer from integer without a cast [-Wint-conversion]
   uint32_t *txe_int = (uint32_t)(USART_CR1);
                       ^
arm-none-eabi-gcc -o "RingBuffer.elf" @"objects.list"   -mcpu=cortex-m4 -T"C:\Users\yanga\STM32CubeIDE\workspace_1.1.0\RingBuffer\STM32F446RETX_FLASH.ld" --specs=nosys.specs -Wl,-Map="RingBuffer.map" -Wl,--gc-sections -static --specs=nano.specs -mfloat-abi=soft -mthumb -u _printf_float -u _scanf_float -Wl,--start-group -lc -lm -Wl,--end-group
Finished building target: RingBuffer.elf
 
arm-none-eabi-objdump -h -S  RingBuffer.elf  > "RingBuffer.list"
arm-none-eabi-objcopy  -O binary  RingBuffer.elf  "RingBuffer.bin"
arm-none-eabi-size   RingBuffer.elf 
   text	   data	    bss	    dec	    hex	filename
  22484	    472	   1704	  24660	   6054	RingBuffer.elf
Finished building: default.size.stdout
Finished building: RingBuffer.list
Finished building: RingBuffer.bin
 
 
 
17:43:20 **** Incremental Build of configuration Debug for project RingBuffer ****
make -j8 all 
arm-none-eabi-size   RingBuffer.elf 
   text	   data	    bss	    dec	    hex	filename
  22484	    472	   1704	  24660	   6054	RingBuffer.elf
Finished building: default.size.stdout
 
17:55:34 **** Incremental Build of configuration Debug for project RingBuffer ****
make -j8 all 
arm-none-eabi-gcc "../Src/main.c" -mcpu=cortex-m4 -std=gnu11 -g3 -DSTM32 -DSTM32F4 -DSTM32F446RETx -DDEBUG -DNUCLEO_F446RE -c -I../Inc -O0 -ffunction-sections -fdata-sections -Wall -fstack-usage -MMD -MP -MF"Src/main.d" -MT"Src/main.o" --specs=nano.specs -mfloat-abi=soft -mthumb -o "Src/main.o"
arm-none-eabi-gcc "../Src/uart_driver.c" -mcpu=cortex-m4 -std=gnu11 -g3 -DSTM32 -DSTM32F4 -DSTM32F446RETx -DDEBUG -DNUCLEO_F446RE -c -I../Inc -O0 -ffunction-sections -fdata-sections -Wall -fstack-usage -MMD -MP -MF"Src/uart_driver.d" -MT"Src/uart_driver.o" --specs=nano.specs -mfloat-abi=soft -mthumb -o "Src/uart_driver.o"
../Src/main.c: In function 'main':
../Src/main.c:24:19: warning: initialization makes pointer from integer without a cast [-Wint-conversion]
  uint32_t *nvic = (uint32_t) (NVIC_BASE + NVIC_ISER1);
                   ^
../Src/uart_driver.c: In function 'usart2_getch':
../Src/uart_driver.c:52:24: warning: initialization makes pointer from integer without a cast [-Wint-conversion]
    uint32_t *txe_int = (uint32_t)(USART_CR1);
                        ^
../Src/uart_driver.c: In function 'USART2_IRQHandler':
../Src/uart_driver.c:110:23: warning: initialization makes pointer from integer without a cast [-Wint-conversion]
   uint32_t *txe_int = (uint32_t)(USART_CR1);
                       ^
arm-none-eabi-gcc -o "RingBuffer.elf" @"objects.list"   -mcpu=cortex-m4 -T"C:\Users\yanga\STM32CubeIDE\workspace_1.1.0\RingBuffer\STM32F446RETX_FLASH.ld" --specs=nosys.specs -Wl,-Map="RingBuffer.map" -Wl,--gc-sections -static --specs=nano.specs -mfloat-abi=soft -mthumb -u _printf_float -u _scanf_float -Wl,--start-group -lc -lm -Wl,--end-group
Finished building target: RingBuffer.elf
 
arm-none-eabi-objdump -h -S  RingBuffer.elf  > "RingBuffer.list"
arm-none-eabi-objcopy  -O binary  RingBuffer.elf  "RingBuffer.bin"
arm-none-eabi-size   RingBuffer.elf 
   text	   data	    bss	    dec	    hex	filename
  22484	    472	   1704	  24660	   6054	RingBuffer.elf
Finished building: default.size.stdout
Finished building: RingBuffer.list
Finished building: RingBuffer.bin
 
 
 
17:55:49 **** Incremental Build of configuration Debug for project RingBuffer ****
make -j8 all 
arm-none-eabi-size   RingBuffer.elf 
   text	   data	    bss	    dec	    hex	filename
  22484	    472	   1704	  24660	   6054	RingBuffer.elf
Finished building: default.size.stdout
 
17:56:40 **** Incremental Build of configuration Debug for project RingBuffer ****
make -j8 all 
arm-none-eabi-gcc "../Src/main.c" -mcpu=cortex-m4 -std=gnu11 -g3 -DSTM32 -DSTM32F4 -DSTM32F446RETx -DDEBUG -DNUCLEO_F446RE -c -I../Inc -O0 -ffunction-sections -fdata-sections -Wall -fstack-usage -MMD -MP -MF"Src/main.d" -MT"Src/main.o" --specs=nano.specs -mfloat-abi=soft -mthumb -o "Src/main.o"
../Src/main.c: In function 'main':
../Src/main.c:25:19: warning: initialization makes pointer from integer without a cast [-Wint-conversion]
  uint32_t *nvic = (uint32_t) (NVIC_BASE + NVIC_ISER1);
                   ^
arm-none-eabi-gcc -o "RingBuffer.elf" @"objects.list"   -mcpu=cortex-m4 -T"C:\Users\yanga\STM32CubeIDE\workspace_1.1.0\RingBuffer\STM32F446RETX_FLASH.ld" --specs=nosys.specs -Wl,-Map="RingBuffer.map" -Wl,--gc-sections -static --specs=nano.specs -mfloat-abi=soft -mthumb -u _printf_float -u _scanf_float -Wl,--start-group -lc -lm -Wl,--end-group
Finished building target: RingBuffer.elf
 
arm-none-eabi-objdump -h -S  RingBuffer.elf  > "RingBuffer.list"
arm-none-eabi-objcopy  -O binary  RingBuffer.elf  "RingBuffer.bin"
arm-none-eabi-size   RingBuffer.elf 
   text	   data	    bss	    dec	    hex	filename
  22484	    472	   1704	  24660	   6054	RingBuffer.elf
Finished building: default.size.stdout
Finished building: RingBuffer.list
Finished building: RingBuffer.bin
 
 
 
17:56:59 **** Incremental Build of configuration Debug for project RingBuffer ****
make -j8 all 
arm-none-eabi-gcc "../Src/main.c" -mcpu=cortex-m4 -std=gnu11 -g3 -DSTM32 -DSTM32F4 -DSTM32F446RETx -DDEBUG -DNUCLEO_F446RE -c -I../Inc -O0 -ffunction-sections -fdata-sections -Wall -fstack-usage -MMD -MP -MF"Src/main.d" -MT"Src/main.o" --specs=nano.specs -mfloat-abi=soft -mthumb -o "Src/main.o"
../Src/main.c: In function 'main':
../Src/main.c:23:19: warning: initialization makes pointer from integer without a cast [-Wint-conversion]
  uint32_t *nvic = (uint32_t) (NVIC_BASE + NVIC_ISER1);
                   ^
arm-none-eabi-gcc -o "RingBuffer.elf" @"objects.list"   -mcpu=cortex-m4 -T"C:\Users\yanga\STM32CubeIDE\workspace_1.1.0\RingBuffer\STM32F446RETX_FLASH.ld" --specs=nosys.specs -Wl,-Map="RingBuffer.map" -Wl,--gc-sections -static --specs=nano.specs -mfloat-abi=soft -mthumb -u _printf_float -u _scanf_float -Wl,--start-group -lc -lm -Wl,--end-group
Finished building target: RingBuffer.elf
 
arm-none-eabi-objdump -h -S  RingBuffer.elf  > "RingBuffer.list"
arm-none-eabi-objcopy  -O binary  RingBuffer.elf  "RingBuffer.bin"
arm-none-eabi-size   RingBuffer.elf 
   text	   data	    bss	    dec	    hex	filename
  22484	    472	   1704	  24660	   6054	RingBuffer.elf
Finished building: RingBuffer.list
Finished building: RingBuffer.bin
Finished building: default.size.stdout
 
 
 
17:57:12 **** Incremental Build of configuration Debug for project RingBuffer ****
make -j8 all 
arm-none-eabi-size   RingBuffer.elf 
   text	   data	    bss	    dec	    hex	filename
  22484	    472	   1704	  24660	   6054	RingBuffer.elf
Finished building: default.size.stdout
 
19:08:24 **** Build of configuration Debug for project RingBuffer ****
make -j8 all 
arm-none-eabi-size   RingBuffer.elf 
   text	   data	    bss	    dec	    hex	filename
  22484	    472	   1704	  24660	   6054	RingBuffer.elf
Finished building: default.size.stdout
 
08:08:32 **** Incremental Build of configuration Debug for project RingBuffer ****
make -j8 all 
arm-none-eabi-gcc "../Src/main.c" -mcpu=cortex-m4 -std=gnu11 -g3 -DSTM32 -DSTM32F4 -DSTM32F446RETx -DDEBUG -DNUCLEO_F446RE -c -I../Inc -O0 -ffunction-sections -fdata-sections -Wall -fstack-usage -MMD -MP -MF"Src/main.d" -MT"Src/main.o" --specs=nano.specs -mfloat-abi=soft -mthumb -o "Src/main.o"
../Src/main.c: In function 'main':
../Src/main.c:23:19: warning: initialization makes pointer from integer without a cast [-Wint-conversion]
  uint32_t *nvic = (uint32_t) (NVIC_BASE + NVIC_ISER1);
                   ^
arm-none-eabi-gcc -o "RingBuffer.elf" @"objects.list"   -mcpu=cortex-m4 -T"C:\Users\yanga\STM32CubeIDE\workspace_1.1.0\RingBuffer\STM32F446RETX_FLASH.ld" --specs=nosys.specs -Wl,-Map="RingBuffer.map" -Wl,--gc-sections -static --specs=nano.specs -mfloat-abi=soft -mthumb -u _printf_float -u _scanf_float -Wl,--start-group -lc -lm -Wl,--end-group
Finished building target: RingBuffer.elf
 
arm-none-eabi-objdump -h -S  RingBuffer.elf  > "RingBuffer.list"
arm-none-eabi-objcopy  -O binary  RingBuffer.elf  "RingBuffer.bin"
arm-none-eabi-size   RingBuffer.elf 
   text	   data	    bss	    dec	    hex	filename
  23568	    472	   1704	  25744	   6490	RingBuffer.elf
Finished building: default.size.stdout
Finished building: RingBuffer.list
Finished building: RingBuffer.bin
 
 
 
08:08:45 **** Incremental Build of configuration Debug for project RingBuffer ****
make -j8 all 
arm-none-eabi-size   RingBuffer.elf 
   text	   data	    bss	    dec	    hex	filename
  23568	    472	   1704	  25744	   6490	RingBuffer.elf
Finished building: default.size.stdout
 
08:09:12 **** Incremental Build of configuration Debug for project RingBuffer ****
make -j8 all 
arm-none-eabi-size   RingBuffer.elf 
   text	   data	    bss	    dec	    hex	filename
  23568	    472	   1704	  25744	   6490	RingBuffer.elf
Finished building: default.size.stdout
 
08:09:35 **** Incremental Build of configuration Debug for project RingBuffer ****
make -j8 all 
arm-none-eabi-size   RingBuffer.elf 
   text	   data	    bss	    dec	    hex	filename
  23568	    472	   1704	  25744	   6490	RingBuffer.elf
Finished building: default.size.stdout
 
08:45:57 **** Incremental Build of configuration Debug for project RingBuffer ****
make -j8 all 
arm-none-eabi-gcc "../Src/main.c" -mcpu=cortex-m4 -std=gnu11 -g3 -DSTM32 -DSTM32F4 -DSTM32F446RETx -DDEBUG -DNUCLEO_F446RE -c -I../Inc -O0 -ffunction-sections -fdata-sections -Wall -fstack-usage -MMD -MP -MF"Src/main.d" -MT"Src/main.o" --specs=nano.specs -mfloat-abi=soft -mthumb -o "Src/main.o"
arm-none-eabi-gcc "../Src/uart_driver.c" -mcpu=cortex-m4 -std=gnu11 -g3 -DSTM32 -DSTM32F4 -DSTM32F446RETx -DDEBUG -DNUCLEO_F446RE -c -I../Inc -O0 -ffunction-sections -fdata-sections -Wall -fstack-usage -MMD -MP -MF"Src/uart_driver.d" -MT"Src/uart_driver.o" --specs=nano.specs -mfloat-abi=soft -mthumb -o "Src/uart_driver.o"
../Src/main.c: In function 'main':
../Src/main.c:23:19: warning: initialization makes pointer from integer without a cast [-Wint-conversion]
  uint32_t *nvic = (uint32_t) (NVIC_BASE + NVIC_ISER1);
                   ^
../Src/uart_driver.c: In function 'usart2_getch':
../Src/uart_driver.c:52:24: warning: initialization makes pointer from integer without a cast [-Wint-conversion]
    uint32_t *txe_int = (uint32_t)(USART_CR1);
                        ^
../Src/uart_driver.c: In function 'USART2_IRQHandler':
../Src/uart_driver.c:111:23: warning: initialization makes pointer from integer without a cast [-Wint-conversion]
   uint32_t *txe_int = (uint32_t)(USART_CR1);
                       ^
arm-none-eabi-gcc -o "RingBuffer.elf" @"objects.list"   -mcpu=cortex-m4 -T"C:\Users\yanga\STM32CubeIDE\workspace_1.1.0\RingBuffer\STM32F446RETX_FLASH.ld" --specs=nosys.specs -Wl,-Map="RingBuffer.map" -Wl,--gc-sections -static --specs=nano.specs -mfloat-abi=soft -mthumb -u _printf_float -u _scanf_float -Wl,--start-group -lc -lm -Wl,--end-group
Finished building target: RingBuffer.elf
 
arm-none-eabi-objdump -h -S  RingBuffer.elf  > "RingBuffer.list"
arm-none-eabi-objcopy  -O binary  RingBuffer.elf  "RingBuffer.bin"
arm-none-eabi-size   RingBuffer.elf 
   text	   data	    bss	    dec	    hex	filename
  22484	    472	   1704	  24660	   6054	RingBuffer.elf
Finished building: default.size.stdout
Finished building: RingBuffer.list
Finished building: RingBuffer.bin
 
 
 
08:46:08 **** Incremental Build of configuration Debug for project RingBuffer ****
make -j8 all 
arm-none-eabi-size   RingBuffer.elf 
   text	   data	    bss	    dec	    hex	filename
  22484	    472	   1704	  24660	   6054	RingBuffer.elf
Finished building: default.size.stdout
 
09:00:03 **** Incremental Build of configuration Debug for project RingBuffer ****
make -j8 all 
arm-none-eabi-gcc "../Src/main.c" -mcpu=cortex-m4 -std=gnu11 -g3 -DSTM32 -DSTM32F4 -DSTM32F446RETx -DDEBUG -DNUCLEO_F446RE -c -I../Inc -O0 -ffunction-sections -fdata-sections -Wall -fstack-usage -MMD -MP -MF"Src/main.d" -MT"Src/main.o" --specs=nano.specs -mfloat-abi=soft -mthumb -o "Src/main.o"
arm-none-eabi-gcc "../Src/ringbuffer.c" -mcpu=cortex-m4 -std=gnu11 -g3 -DSTM32 -DSTM32F4 -DSTM32F446RETx -DDEBUG -DNUCLEO_F446RE -c -I../Inc -O0 -ffunction-sections -fdata-sections -Wall -fstack-usage -MMD -MP -MF"Src/ringbuffer.d" -MT"Src/ringbuffer.o" --specs=nano.specs -mfloat-abi=soft -mthumb -o "Src/ringbuffer.o"
arm-none-eabi-gcc "../Src/uart_driver.c" -mcpu=cortex-m4 -std=gnu11 -g3 -DSTM32 -DSTM32F4 -DSTM32F446RETx -DDEBUG -DNUCLEO_F446RE -c -I../Inc -O0 -ffunction-sections -fdata-sections -Wall -fstack-usage -MMD -MP -MF"Src/uart_driver.d" -MT"Src/uart_driver.o" --specs=nano.specs -mfloat-abi=soft -mthumb -o "Src/uart_driver.o"
../Src/main.c: In function 'main':
../Src/main.c:23:19: warning: initialization makes pointer from integer without a cast [-Wint-conversion]
  uint32_t *nvic = (uint32_t) (NVIC_BASE + NVIC_ISER1);
                   ^
../Src/main.c:26:23: warning: initialization makes pointer from integer without a cast [-Wint-conversion]
  uint32_t *rxne_int = (uint32_t)(USART_CR1);
                       ^
../Src/ringbuffer.c: In function 'get':
../Src/ringbuffer.c:30:8: warning: unused variable 'returned' [-Wunused-variable]
   char returned = buffer->buffer[buffer->get];
        ^~~~~~~~
../Src/ringbuffer.c:32:7: warning: unused variable 'returned' [-Wunused-variable]
  char returned = buffer->buffer[buffer->get];
       ^~~~~~~~
../Src/uart_driver.c: In function 'usart2_getch':
../Src/uart_driver.c:55:22: warning: initialization makes pointer from integer without a cast [-Wint-conversion]
  uint32_t *txe_int = (uint32_t)(USART_CR1);
                      ^
../Src/uart_driver.c: In function 'USART2_IRQHandler':
../Src/uart_driver.c:113:23: warning: initialization makes pointer from integer without a cast [-Wint-conversion]
   uint32_t *txe_int = (uint32_t)(USART_CR1);
                       ^
arm-none-eabi-gcc -o "RingBuffer.elf" @"objects.list"   -mcpu=cortex-m4 -T"C:\Users\yanga\STM32CubeIDE\workspace_1.1.0\RingBuffer\STM32F446RETX_FLASH.ld" --specs=nosys.specs -Wl,-Map="RingBuffer.map" -Wl,--gc-sections -static --specs=nano.specs -mfloat-abi=soft -mthumb -u _printf_float -u _scanf_float -Wl,--start-group -lc -lm -Wl,--end-group
Finished building target: RingBuffer.elf
 
arm-none-eabi-objdump -h -S  RingBuffer.elf  > "RingBuffer.list"
arm-none-eabi-objcopy  -O binary  RingBuffer.elf  "RingBuffer.bin"
arm-none-eabi-size   RingBuffer.elf 
   text	   data	    bss	    dec	    hex	filename
  22500	    472	   1704	  24676	   6064	RingBuffer.elf
Finished building: default.size.stdout
Finished building: RingBuffer.list
Finished building: RingBuffer.bin
 
 
 
09:00:15 **** Incremental Build of configuration Debug for project RingBuffer ****
make -j8 all 
arm-none-eabi-size   RingBuffer.elf 
   text	   data	    bss	    dec	    hex	filename
  22500	    472	   1704	  24676	   6064	RingBuffer.elf
Finished building: default.size.stdout
 
09:01:09 **** Incremental Build of configuration Debug for project RingBuffer ****
make -j8 all 
arm-none-eabi-gcc "../Src/uart_driver.c" -mcpu=cortex-m4 -std=gnu11 -g3 -DSTM32 -DSTM32F4 -DSTM32F446RETx -DDEBUG -DNUCLEO_F446RE -c -I../Inc -O0 -ffunction-sections -fdata-sections -Wall -fstack-usage -MMD -MP -MF"Src/uart_driver.d" -MT"Src/uart_driver.o" --specs=nano.specs -mfloat-abi=soft -mthumb -o "Src/uart_driver.o"
../Src/uart_driver.c: In function 'usart2_getch':
../Src/uart_driver.c:58:22: warning: initialization makes pointer from integer without a cast [-Wint-conversion]
  uint32_t *txe_int = (uint32_t)(USART_CR1);
                      ^
../Src/uart_driver.c: In function 'USART2_IRQHandler':
../Src/uart_driver.c:113:23: warning: initialization makes pointer from integer without a cast [-Wint-conversion]
   uint32_t *txe_int = (uint32_t)(USART_CR1);
                       ^
arm-none-eabi-gcc -o "RingBuffer.elf" @"objects.list"   -mcpu=cortex-m4 -T"C:\Users\yanga\STM32CubeIDE\workspace_1.1.0\RingBuffer\STM32F446RETX_FLASH.ld" --specs=nosys.specs -Wl,-Map="RingBuffer.map" -Wl,--gc-sections -static --specs=nano.specs -mfloat-abi=soft -mthumb -u _printf_float -u _scanf_float -Wl,--start-group -lc -lm -Wl,--end-group
Finished building target: RingBuffer.elf
 
arm-none-eabi-objdump -h -S  RingBuffer.elf  > "RingBuffer.list"
arm-none-eabi-objcopy  -O binary  RingBuffer.elf  "RingBuffer.bin"
arm-none-eabi-size   RingBuffer.elf 
   text	   data	    bss	    dec	    hex	filename
  22500	    472	   1704	  24676	   6064	RingBuffer.elf
Finished building: RingBuffer.list
Finished building: RingBuffer.bin
Finished building: default.size.stdout
 
 
 
09:01:20 **** Incremental Build of configuration Debug for project RingBuffer ****
make -j8 all 
arm-none-eabi-size   RingBuffer.elf 
   text	   data	    bss	    dec	    hex	filename
  22500	    472	   1704	  24676	   6064	RingBuffer.elf
Finished building: default.size.stdout
 
09:03:06 **** Incremental Build of configuration Debug for project RingBuffer ****
make -j8 all 
arm-none-eabi-gcc "../Src/main.c" -mcpu=cortex-m4 -std=gnu11 -g3 -DSTM32 -DSTM32F4 -DSTM32F446RETx -DDEBUG -DNUCLEO_F446RE -c -I../Inc -O0 -ffunction-sections -fdata-sections -Wall -fstack-usage -MMD -MP -MF"Src/main.d" -MT"Src/main.o" --specs=nano.specs -mfloat-abi=soft -mthumb -o "Src/main.o"
arm-none-eabi-gcc "../Src/ringbuffer.c" -mcpu=cortex-m4 -std=gnu11 -g3 -DSTM32 -DSTM32F4 -DSTM32F446RETx -DDEBUG -DNUCLEO_F446RE -c -I../Inc -O0 -ffunction-sections -fdata-sections -Wall -fstack-usage -MMD -MP -MF"Src/ringbuffer.d" -MT"Src/ringbuffer.o" --specs=nano.specs -mfloat-abi=soft -mthumb -o "Src/ringbuffer.o"
arm-none-eabi-gcc "../Src/uart_driver.c" -mcpu=cortex-m4 -std=gnu11 -g3 -DSTM32 -DSTM32F4 -DSTM32F446RETx -DDEBUG -DNUCLEO_F446RE -c -I../Inc -O0 -ffunction-sections -fdata-sections -Wall -fstack-usage -MMD -MP -MF"Src/uart_driver.d" -MT"Src/uart_driver.o" --specs=nano.specs -mfloat-abi=soft -mthumb -o "Src/uart_driver.o"
../Src/main.c: In function 'main':
../Src/main.c:23:19: warning: initialization makes pointer from integer without a cast [-Wint-conversion]
  uint32_t *nvic = (uint32_t) (NVIC_BASE + NVIC_ISER1);
                   ^
../Src/main.c:26:23: warning: initialization makes pointer from integer without a cast [-Wint-conversion]
  uint32_t *rxne_int = (uint32_t)(USART_CR1);
                       ^
../Src/ringbuffer.c: In function 'get':
../Src/ringbuffer.c:30:8: warning: unused variable 'returned' [-Wunused-variable]
   char returned = buffer->buffer[buffer->get];
        ^~~~~~~~
../Src/ringbuffer.c:32:7: warning: unused variable 'returned' [-Wunused-variable]
  char returned = buffer->buffer[buffer->get];
       ^~~~~~~~
../Src/uart_driver.c: In function 'usart2_getch':
../Src/uart_driver.c:55:22: warning: initialization makes pointer from integer without a cast [-Wint-conversion]
  uint32_t *txe_int = (uint32_t)(USART_CR1);
                      ^
../Src/uart_driver.c: In function 'USART2_IRQHandler':
../Src/uart_driver.c:110:23: warning: initialization makes pointer from integer without a cast [-Wint-conversion]
   uint32_t *txe_int = (uint32_t)(USART_CR1);
                       ^
arm-none-eabi-gcc -o "RingBuffer.elf" @"objects.list"   -mcpu=cortex-m4 -T"C:\Users\yanga\STM32CubeIDE\workspace_1.1.0\RingBuffer\STM32F446RETX_FLASH.ld" --specs=nosys.specs -Wl,-Map="RingBuffer.map" -Wl,--gc-sections -static --specs=nano.specs -mfloat-abi=soft -mthumb -u _printf_float -u _scanf_float -Wl,--start-group -lc -lm -Wl,--end-group
Finished building target: RingBuffer.elf
 
arm-none-eabi-objdump -h -S  RingBuffer.elf  > "RingBuffer.list"
arm-none-eabi-objcopy  -O binary  RingBuffer.elf  "RingBuffer.bin"
arm-none-eabi-size   RingBuffer.elf 
   text	   data	    bss	    dec	    hex	filename
  22500	    472	   1704	  24676	   6064	RingBuffer.elf
Finished building: RingBuffer.list
Finished building: RingBuffer.bin
Finished building: default.size.stdout
 
 
 
09:03:19 **** Incremental Build of configuration Debug for project RingBuffer ****
make -j8 all 
arm-none-eabi-size   RingBuffer.elf 
   text	   data	    bss	    dec	    hex	filename
  22500	    472	   1704	  24676	   6064	RingBuffer.elf
Finished building: default.size.stdout
 
09:04:57 **** Incremental Build of configuration Debug for project RingBuffer ****
make -j8 all 
arm-none-eabi-size   RingBuffer.elf 
   text	   data	    bss	    dec	    hex	filename
  22500	    472	   1704	  24676	   6064	RingBuffer.elf
Finished building: default.size.stdout
 
09:07:19 **** Incremental Build of configuration Debug for project RingBuffer ****
make -j8 all 
arm-none-eabi-gcc "../Src/main.c" -mcpu=cortex-m4 -std=gnu11 -g3 -DSTM32 -DSTM32F4 -DSTM32F446RETx -DDEBUG -DNUCLEO_F446RE -c -I../Inc -O0 -ffunction-sections -fdata-sections -Wall -fstack-usage -MMD -MP -MF"Src/main.d" -MT"Src/main.o" --specs=nano.specs -mfloat-abi=soft -mthumb -o "Src/main.o"
../Src/main.c: In function 'main':
../Src/main.c:23:19: warning: initialization makes pointer from integer without a cast [-Wint-conversion]
  uint32_t *nvic = (uint32_t) (NVIC_BASE + NVIC_ISER1);
                   ^
../Src/main.c:27:23: warning: initialization makes pointer from integer without a cast [-Wint-conversion]
  uint32_t *rxne_int = (uint32_t)(USART_CR1);
                       ^
arm-none-eabi-gcc -o "RingBuffer.elf" @"objects.list"   -mcpu=cortex-m4 -T"C:\Users\yanga\STM32CubeIDE\workspace_1.1.0\RingBuffer\STM32F446RETX_FLASH.ld" --specs=nosys.specs -Wl,-Map="RingBuffer.map" -Wl,--gc-sections -static --specs=nano.specs -mfloat-abi=soft -mthumb -u _printf_float -u _scanf_float -Wl,--start-group -lc -lm -Wl,--end-group
Finished building target: RingBuffer.elf
 
arm-none-eabi-objdump -h -S  RingBuffer.elf  > "RingBuffer.list"
arm-none-eabi-objcopy  -O binary  RingBuffer.elf  "RingBuffer.bin"
arm-none-eabi-size   RingBuffer.elf 
   text	   data	    bss	    dec	    hex	filename
  22500	    472	   1704	  24676	   6064	RingBuffer.elf
Finished building: default.size.stdout
Finished building: RingBuffer.list
Finished building: RingBuffer.bin
 
 
 
09:15:37 **** Incremental Build of configuration Debug for project RingBuffer ****
make -j8 all 
arm-none-eabi-gcc "../Src/main.c" -mcpu=cortex-m4 -std=gnu11 -g3 -DSTM32 -DSTM32F4 -DSTM32F446RETx -DDEBUG -DNUCLEO_F446RE -c -I../Inc -O0 -ffunction-sections -fdata-sections -Wall -fstack-usage -MMD -MP -MF"Src/main.d" -MT"Src/main.o" --specs=nano.specs -mfloat-abi=soft -mthumb -o "Src/main.o"
../Src/main.c: In function 'main':
../Src/main.c:23:19: warning: initialization makes pointer from integer without a cast [-Wint-conversion]
  uint32_t *nvic = (uint32_t) (NVIC_BASE + NVIC_ISER1);
                   ^
../Src/main.c:27:23: warning: initialization makes pointer from integer without a cast [-Wint-conversion]
  uint32_t *rxne_int = (uint32_t)(USART_CR1);
                       ^
arm-none-eabi-gcc -o "RingBuffer.elf" @"objects.list"   -mcpu=cortex-m4 -T"C:\Users\yanga\STM32CubeIDE\workspace_1.1.0\RingBuffer\STM32F446RETX_FLASH.ld" --specs=nosys.specs -Wl,-Map="RingBuffer.map" -Wl,--gc-sections -static --specs=nano.specs -mfloat-abi=soft -mthumb -u _printf_float -u _scanf_float -Wl,--start-group -lc -lm -Wl,--end-group
Finished building target: RingBuffer.elf
 
arm-none-eabi-objdump -h -S  RingBuffer.elf  > "RingBuffer.list"
arm-none-eabi-objcopy  -O binary  RingBuffer.elf  "RingBuffer.bin"
arm-none-eabi-size   RingBuffer.elf 
   text	   data	    bss	    dec	    hex	filename
  22500	    472	   1704	  24676	   6064	RingBuffer.elf
Finished building: default.size.stdout
Finished building: RingBuffer.list
Finished building: RingBuffer.bin
 
 
 
09:15:52 **** Incremental Build of configuration Debug for project RingBuffer ****
make -j8 all 
arm-none-eabi-size   RingBuffer.elf 
   text	   data	    bss	    dec	    hex	filename
  22500	    472	   1704	  24676	   6064	RingBuffer.elf
Finished building: default.size.stdout
 
09:15:57 **** Incremental Build of configuration Debug for project RingBuffer ****
make -j8 all 
arm-none-eabi-size   RingBuffer.elf 
   text	   data	    bss	    dec	    hex	filename
  22500	    472	   1704	  24676	   6064	RingBuffer.elf
Finished building: default.size.stdout
 
09:36:45 **** Incremental Build of configuration Debug for project RingBuffer ****
make -j8 all 
arm-none-eabi-gcc "../Src/main.c" -mcpu=cortex-m4 -std=gnu11 -g3 -DSTM32 -DSTM32F4 -DSTM32F446RETx -DDEBUG -DNUCLEO_F446RE -c -I../Inc -O0 -ffunction-sections -fdata-sections -Wall -fstack-usage -MMD -MP -MF"Src/main.d" -MT"Src/main.o" --specs=nano.specs -mfloat-abi=soft -mthumb -o "Src/main.o"
arm-none-eabi-gcc "../Src/uart_driver.c" -mcpu=cortex-m4 -std=gnu11 -g3 -DSTM32 -DSTM32F4 -DSTM32F446RETx -DDEBUG -DNUCLEO_F446RE -c -I../Inc -O0 -ffunction-sections -fdata-sections -Wall -fstack-usage -MMD -MP -MF"Src/uart_driver.d" -MT"Src/uart_driver.o" --specs=nano.specs -mfloat-abi=soft -mthumb -o "Src/uart_driver.o"
../Src/main.c: In function 'main':
../Src/main.c:26:21: warning: implicit declaration of function 'strtok'; did you mean 'strtoumax'? [-Wimplicit-function-declaration]
       char* input = strtok(user_input, "\n");
                     ^~~~~~
                     strtoumax
../Src/main.c:26:21: warning: initialization makes pointer from integer without a cast [-Wint-conversion]
../Src/main.c:30:18: warning: initialization makes pointer from integer without a cast [-Wint-conversion]
    char* token = strtok(input, " ");
                  ^~~~~~
../Src/main.c:35:10: warning: assignment makes pointer from integer without a cast [-Wint-conversion]
    token = strtok(NULL, " ");
          ^
../Src/main.c:38:41: warning: implicit declaration of function 'strtoll'; did you mean 'strtoumax'? [-Wimplicit-function-declaration]
    uint32_t address_convert = (uint32_t)strtoll(address, NULL, 16);
                                         ^~~~~~~
                                         strtoumax
../Src/main.c:43:10: warning: assignment makes pointer from integer without a cast [-Wint-conversion]
    token = strtok(NULL, " ");
          ^
../Src/main.c:48:29: warning: initialization makes pointer from integer without a cast [-Wint-conversion]
    uint32_t *address_data = (uint32_t) address_convert;
                             ^
../Src/main.c:51:21: warning: format '%X' expects argument of type 'unsigned int', but argument 2 has type 'uint32_t {aka long unsigned int}' [-Wformat=]
        printf("Hex:%X, Dec:%d \n\r", *address_data, *address_data);
                    ~^                ~~~~~~~~~~~~~
                    %lX
../Src/main.c:51:29: warning: format '%d' expects argument of type 'int', but argument 3 has type 'uint32_t {aka long unsigned int}' [-Wformat=]
        printf("Hex:%X, Dec:%d \n\r", *address_data, *address_data);
                            ~^                       ~~~~~~~~~~~~~
                            %ld
../Src/main.c:61:17: warning: format '%X' expects argument of type 'unsigned int', but argument 2 has type 'uint32_t * {aka long unsigned int *}' [-Wformat=]
        printf("%X: ", address_data);
                ~^
                %ln
../Src/main.c:66:17: warning: unknown escape sequence: '\X'
          printf("\n\r%\X: ", address_data);
                 ^~~~~~~~~~~
../Src/main.c:66:23: warning: format '%X' expects argument of type 'unsigned int', but argument 2 has type 'uint32_t * {aka long unsigned int *}' [-Wformat=]
          printf("\n\r%\X: ", address_data);
                      ~^~
                      %ln
../Src/main.c:69:20: warning: format '%X' expects argument of type 'unsigned int', but argument 2 has type 'uint32_t {aka long unsigned int}' [-Wformat=]
         printf("%08X ", *address_data);
                 ~~~^    ~~~~~~~~~~~~~
                 %08lX
../Src/uart_driver.c: In function 'usart2_getch':
../Src/uart_driver.c:55:22: warning: initialization makes pointer from integer without a cast [-Wint-conversion]
  uint32_t *txe_int = (uint32_t)(USART_CR1);
                      ^
../Src/uart_driver.c: In function 'init_usart2':
../Src/uart_driver.c:93:19: warning: initialization makes pointer from integer without a cast [-Wint-conversion]
  uint32_t *nvic = (uint32_t) (NVIC_BASE + NVIC_ISER1);
                   ^
../Src/uart_driver.c:97:23: warning: initialization makes pointer from integer without a cast [-Wint-conversion]
  uint32_t *rxne_int = (uint32_t)(USART_CR1);
                       ^
../Src/uart_driver.c: In function 'USART2_IRQHandler':
../Src/uart_driver.c:118:23: warning: initialization makes pointer from integer without a cast [-Wint-conversion]
   uint32_t *txe_int = (uint32_t)(USART_CR1);
                       ^
arm-none-eabi-gcc -o "RingBuffer.elf" @"objects.list"   -mcpu=cortex-m4 -T"C:\Users\yanga\STM32CubeIDE\workspace_1.1.0\RingBuffer\STM32F446RETX_FLASH.ld" --specs=nosys.specs -Wl,-Map="RingBuffer.map" -Wl,--gc-sections -static --specs=nano.specs -mfloat-abi=soft -mthumb -u _printf_float -u _scanf_float -Wl,--start-group -lc -lm -Wl,--end-group
Finished building target: RingBuffer.elf
 
arm-none-eabi-objdump -h -S  RingBuffer.elf  > "RingBuffer.list"
arm-none-eabi-objcopy  -O binary  RingBuffer.elf  "RingBuffer.bin"
arm-none-eabi-size   RingBuffer.elf 
   text	   data	    bss	    dec	    hex	filename
  26336	    472	   1704	  28512	   6f60	RingBuffer.elf
Finished building: default.size.stdout
Finished building: RingBuffer.list
Finished building: RingBuffer.bin
 
 
 
09:37:09 **** Incremental Build of configuration Debug for project RingBuffer ****
make -j8 all 
arm-none-eabi-size   RingBuffer.elf 
   text	   data	    bss	    dec	    hex	filename
  26336	    472	   1704	  28512	   6f60	RingBuffer.elf
Finished building: default.size.stdout
 
09:39:25 **** Incremental Build of configuration Debug for project RingBuffer ****
make -j8 all 
arm-none-eabi-gcc "../Src/main.c" -mcpu=cortex-m4 -std=gnu11 -g3 -DSTM32 -DSTM32F4 -DSTM32F446RETx -DDEBUG -DNUCLEO_F446RE -c -I../Inc -O0 -ffunction-sections -fdata-sections -Wall -fstack-usage -MMD -MP -MF"Src/main.d" -MT"Src/main.o" --specs=nano.specs -mfloat-abi=soft -mthumb -o "Src/main.o"
../Src/main.c: In function 'main':
../Src/main.c:26:17: warning: implicit declaration of function 'strtok'; did you mean 'strtoumax'? [-Wimplicit-function-declaration]
   char* input = strtok(user_input, "\n");
                 ^~~~~~
                 strtoumax
../Src/main.c:26:17: warning: initialization makes pointer from integer without a cast [-Wint-conversion]
../Src/main.c:30:17: warning: initialization makes pointer from integer without a cast [-Wint-conversion]
   char* token = strtok(input, " ");
                 ^~~~~~
../Src/main.c:35:9: warning: assignment makes pointer from integer without a cast [-Wint-conversion]
   token = strtok(NULL, " ");
         ^
../Src/main.c:38:40: warning: implicit declaration of function 'strtoll'; did you mean 'strtoumax'? [-Wimplicit-function-declaration]
   uint32_t address_convert = (uint32_t)strtoll(address, NULL, 16);
                                        ^~~~~~~
                                        strtoumax
../Src/main.c:43:9: warning: assignment makes pointer from integer without a cast [-Wint-conversion]
   token = strtok(NULL, " ");
         ^
../Src/main.c:48:28: warning: initialization makes pointer from integer without a cast [-Wint-conversion]
   uint32_t *address_data = (uint32_t) address_convert;
                            ^
../Src/main.c:51:17: warning: format '%X' expects argument of type 'unsigned int', but argument 2 has type 'uint32_t {aka long unsigned int}' [-Wformat=]
    printf("Hex:%X, Dec:%d \n\r", *address_data, *address_data);
                ~^                ~~~~~~~~~~~~~
                %lX
../Src/main.c:51:25: warning: format '%d' expects argument of type 'int', but argument 3 has type 'uint32_t {aka long unsigned int}' [-Wformat=]
    printf("Hex:%X, Dec:%d \n\r", *address_data, *address_data);
                        ~^                       ~~~~~~~~~~~~~
                        %ld
../Src/main.c:61:13: warning: format '%X' expects argument of type 'unsigned int', but argument 2 has type 'uint32_t * {aka long unsigned int *}' [-Wformat=]
    printf("%X: ", address_data);
            ~^
            %ln
../Src/main.c:66:13: warning: unknown escape sequence: '\X'
      printf("\n\r%\X: ", address_data);
             ^~~~~~~~~~~
../Src/main.c:66:19: warning: format '%X' expects argument of type 'unsigned int', but argument 2 has type 'uint32_t * {aka long unsigned int *}' [-Wformat=]
      printf("\n\r%\X: ", address_data);
                  ~^~
                  %ln
../Src/main.c:69:16: warning: format '%X' expects argument of type 'unsigned int', but argument 2 has type 'uint32_t {aka long unsigned int}' [-Wformat=]
     printf("%08X ", *address_data);
             ~~~^    ~~~~~~~~~~~~~
             %08lX
arm-none-eabi-gcc -o "RingBuffer.elf" @"objects.list"   -mcpu=cortex-m4 -T"C:\Users\yanga\STM32CubeIDE\workspace_1.1.0\RingBuffer\STM32F446RETX_FLASH.ld" --specs=nosys.specs -Wl,-Map="RingBuffer.map" -Wl,--gc-sections -static --specs=nano.specs -mfloat-abi=soft -mthumb -u _printf_float -u _scanf_float -Wl,--start-group -lc -lm -Wl,--end-group
Finished building target: RingBuffer.elf
 
arm-none-eabi-objdump -h -S  RingBuffer.elf  > "RingBuffer.list"
arm-none-eabi-objcopy  -O binary  RingBuffer.elf  "RingBuffer.bin"
arm-none-eabi-size   RingBuffer.elf 
   text	   data	    bss	    dec	    hex	filename
  26336	    472	   1704	  28512	   6f60	RingBuffer.elf
Finished building: RingBuffer.list
Finished building: RingBuffer.bin
Finished building: default.size.stdout
 
 
 
16:40:33 **** Clean-only build of configuration Debug for project tunetest ****
make -j8 clean 
rm -rf *
 
16:40:35 **** Build of configuration Debug for project tunetest ****
make -j8 all 
arm-none-eabi-gcc -mcpu=cortex-m4 -g3 -c -x assembler-with-cpp --specs=nano.specs -mfloat-abi=soft -mthumb -o "Startup/startup_stm32f446retx.o" "../Startup/startup_stm32f446retx.s"
arm-none-eabi-gcc "../Src/main.c" -mcpu=cortex-m4 -std=gnu11 -g3 -DSTM32 -DSTM32F4 -DSTM32F446RETx -DDEBUG -DNUCLEO_F446RE -c -I../Inc -O0 -ffunction-sections -fdata-sections -Wall -fstack-usage -MMD -MP -MF"Src/main.d" -MT"Src/main.o" --specs=nano.specs -mfloat-abi=soft -mthumb -o "Src/main.o"
arm-none-eabi-gcc "../Src/syscalls.c" -mcpu=cortex-m4 -std=gnu11 -g3 -DSTM32 -DSTM32F4 -DSTM32F446RETx -DDEBUG -DNUCLEO_F446RE -c -I../Inc -O0 -ffunction-sections -fdata-sections -Wall -fstack-usage -MMD -MP -MF"Src/syscalls.d" -MT"Src/syscalls.o" --specs=nano.specs -mfloat-abi=soft -mthumb -o "Src/syscalls.o"
arm-none-eabi-gcc "../Src/sysmem.c" -mcpu=cortex-m4 -std=gnu11 -g3 -DSTM32 -DSTM32F4 -DSTM32F446RETx -DDEBUG -DNUCLEO_F446RE -c -I../Inc -O0 -ffunction-sections -fdata-sections -Wall -fstack-usage -MMD -MP -MF"Src/sysmem.d" -MT"Src/sysmem.o" --specs=nano.specs -mfloat-abi=soft -mthumb -o "Src/sysmem.o"
arm-none-eabi-gcc "../Src/uart_driver.c" -mcpu=cortex-m4 -std=gnu11 -g3 -DSTM32 -DSTM32F4 -DSTM32F446RETx -DDEBUG -DNUCLEO_F446RE -c -I../Inc -O0 -ffunction-sections -fdata-sections -Wall -fstack-usage -MMD -MP -MF"Src/uart_driver.d" -MT"Src/uart_driver.o" --specs=nano.specs -mfloat-abi=soft -mthumb -o "Src/uart_driver.o"
../Src/main.c: In function 'main':
../Src/main.c:25:20: warning: initialization makes pointer from integer without a cast [-Wint-conversion]
  uint32_t *clock = (uint32_t) RCC_BASE;
                    ^
../Src/main.c:29:22: warning: initialization makes pointer from integer without a cast [-Wint-conversion]
  uint32_t *speaker = (uint32_t) GPIOB_BASE;
                      ^
../Src/main.c:34:19: error: expected expression before 'uint32_t'
  uint32_t *note = uint32_t (ODR + GPIOB_BASE);
                   ^~~~~~~~
make: *** [Src/subdir.mk:27: Src/main.o] Error 1
make: *** Waiting for unfinished jobs....
"make -j8 all" terminated with exit code 2. Build might be incomplete.
16:40:52 **** Incremental Build of configuration Debug for project tunetest ****
make -j8 all 
arm-none-eabi-gcc "../Src/main.c" -mcpu=cortex-m4 -std=gnu11 -g3 -DSTM32 -DSTM32F4 -DSTM32F446RETx -DDEBUG -DNUCLEO_F446RE -c -I../Inc -O0 -ffunction-sections -fdata-sections -Wall -fstack-usage -MMD -MP -MF"Src/main.d" -MT"Src/main.o" --specs=nano.specs -mfloat-abi=soft -mthumb -o "Src/main.o"
../Src/main.c: In function 'main':
../Src/main.c:25:20: warning: initialization makes pointer from integer without a cast [-Wint-conversion]
  uint32_t *clock = (uint32_t) RCC_BASE;
                    ^
../Src/main.c:29:22: warning: initialization makes pointer from integer without a cast [-Wint-conversion]
  uint32_t *speaker = (uint32_t) GPIOB_BASE;
                      ^
../Src/main.c:34:19: warning: initialization makes pointer from integer without a cast [-Wint-conversion]
  uint32_t *note = (uint32_t)(ODR + GPIOB_BASE);
                   ^
arm-none-eabi-gcc -o "tunetest.elf" @"objects.list"   -mcpu=cortex-m4 -T"C:\Users\yanga\STM32CubeIDE\workspace_1.1.0\tunetest\STM32F446RETX_FLASH.ld" --specs=nosys.specs -Wl,-Map="tunetest.map" -Wl,--gc-sections -static --specs=nano.specs -mfloat-abi=soft -mthumb -u _printf_float -u _scanf_float -Wl,--start-group -lc -lm -Wl,--end-group
Finished building target: tunetest.elf
 
arm-none-eabi-size   tunetest.elf 
arm-none-eabi-objdump -h -S  tunetest.elf  > "tunetest.list"
   text	   data	    bss	    dec	    hex	filename
  21372	    472	   1584	  23428	   5b84	tunetest.elf
arm-none-eabi-objcopy  -O binary  tunetest.elf  "tunetest.bin"
Finished building: default.size.stdout
 
Finished building: tunetest.list
Finished building: tunetest.bin
 
 
16:41:17 **** Incremental Build of configuration Debug for project tunetest ****
make -j8 all 
arm-none-eabi-size   tunetest.elf 
   text	   data	    bss	    dec	    hex	filename
  21372	    472	   1584	  23428	   5b84	tunetest.elf
Finished building: default.size.stdout
 
16:43:05 **** Incremental Build of configuration Debug for project tunetest ****
make -j8 all 
arm-none-eabi-gcc "../Src/delay.c" -mcpu=cortex-m4 -std=gnu11 -g3 -DSTM32 -DSTM32F4 -DSTM32F446RETx -DDEBUG -DNUCLEO_F446RE -c -I../Inc -O0 -ffunction-sections -fdata-sections -Wall -fstack-usage -MMD -MP -MF"Src/delay.d" -MT"Src/delay.o" --specs=nano.specs -mfloat-abi=soft -mthumb -o "Src/delay.o"
arm-none-eabi-gcc "../Src/main.c" -mcpu=cortex-m4 -std=gnu11 -g3 -DSTM32 -DSTM32F4 -DSTM32F446RETx -DDEBUG -DNUCLEO_F446RE -c -I../Inc -O0 -ffunction-sections -fdata-sections -Wall -fstack-usage -MMD -MP -MF"Src/main.d" -MT"Src/main.o" --specs=nano.specs -mfloat-abi=soft -mthumb -o "Src/main.o"
../Src/main.c: In function 'main':
../Src/main.c:25:20: warning: initialization makes pointer from integer without a cast [-Wint-conversion]
  uint32_t *clock = (uint32_t) RCC_BASE;
                    ^
../Src/main.c:29:22: warning: initialization makes pointer from integer without a cast [-Wint-conversion]
  uint32_t *speaker = (uint32_t) GPIOB_BASE;
                      ^
../Src/main.c:34:19: warning: initialization makes pointer from integer without a cast [-Wint-conversion]
  uint32_t *note = (uint32_t)(ODR + GPIOB_BASE);
                   ^
../Src/main.c:37:2: warning: implicit declaration of function 'delay_ms' [-Wimplicit-function-declaration]
  delay_ms(1);
  ^~~~~~~~
arm-none-eabi-gcc -o "tunetest.elf" @"objects.list"   -mcpu=cortex-m4 -T"C:\Users\yanga\STM32CubeIDE\workspace_1.1.0\tunetest\STM32F446RETX_FLASH.ld" --specs=nosys.specs -Wl,-Map="tunetest.map" -Wl,--gc-sections -static --specs=nano.specs -mfloat-abi=soft -mthumb -u _printf_float -u _scanf_float -Wl,--start-group -lc -lm -Wl,--end-group
Finished building target: tunetest.elf
 
arm-none-eabi-objdump -h -S  tunetest.elf  > "tunetest.list"
arm-none-eabi-objcopy  -O binary  tunetest.elf  "tunetest.bin"
arm-none-eabi-size   tunetest.elf 
   text	   data	    bss	    dec	    hex	filename
  21492	    472	   1584	  23548	   5bfc	tunetest.elf
Finished building: tunetest.list
Finished building: tunetest.bin
Finished building: default.size.stdout
 
 
 
16:43:15 **** Incremental Build of configuration Debug for project tunetest ****
make -j8 all 
arm-none-eabi-size   tunetest.elf 
   text	   data	    bss	    dec	    hex	filename
  21492	    472	   1584	  23548	   5bfc	tunetest.elf
Finished building: default.size.stdout
 
16:47:57 **** Incremental Build of configuration Debug for project tunetest ****
make -j8 all 
arm-none-eabi-gcc "../Src/main.c" -mcpu=cortex-m4 -std=gnu11 -g3 -DSTM32 -DSTM32F4 -DSTM32F446RETx -DDEBUG -DNUCLEO_F446RE -c -I../Inc -O0 -ffunction-sections -fdata-sections -Wall -fstack-usage -MMD -MP -MF"Src/main.d" -MT"Src/main.o" --specs=nano.specs -mfloat-abi=soft -mthumb -o "Src/main.o"
../Src/main.c: In function 'main':
../Src/main.c:25:20: warning: initialization makes pointer from integer without a cast [-Wint-conversion]
  uint32_t *clock = (uint32_t) RCC_BASE;
                    ^
../Src/main.c:29:22: warning: initialization makes pointer from integer without a cast [-Wint-conversion]
  uint32_t *speaker = (uint32_t) GPIOB_BASE;
                      ^
../Src/main.c:34:19: warning: initialization makes pointer from integer without a cast [-Wint-conversion]
  uint32_t *note = (uint32_t)(ODR*4 + GPIOB_BASE);
                   ^
../Src/main.c:37:2: warning: implicit declaration of function 'delay_ms' [-Wimplicit-function-declaration]
  delay_ms(1);
  ^~~~~~~~
arm-none-eabi-gcc -o "tunetest.elf" @"objects.list"   -mcpu=cortex-m4 -T"C:\Users\yanga\STM32CubeIDE\workspace_1.1.0\tunetest\STM32F446RETX_FLASH.ld" --specs=nosys.specs -Wl,-Map="tunetest.map" -Wl,--gc-sections -static --specs=nano.specs -mfloat-abi=soft -mthumb -u _printf_float -u _scanf_float -Wl,--start-group -lc -lm -Wl,--end-group
Finished building target: tunetest.elf
 
arm-none-eabi-objdump -h -S  tunetest.elf  > "tunetest.list"
arm-none-eabi-objcopy  -O binary  tunetest.elf  "tunetest.bin"
arm-none-eabi-size   tunetest.elf 
   text	   data	    bss	    dec	    hex	filename
  21492	    472	   1584	  23548	   5bfc	tunetest.elf
Finished building: default.size.stdout
Finished building: tunetest.list
Finished building: tunetest.bin
 
 
 
16:48:06 **** Incremental Build of configuration Debug for project tunetest ****
make -j8 all 
arm-none-eabi-size   tunetest.elf 
   text	   data	    bss	    dec	    hex	filename
  21492	    472	   1584	  23548	   5bfc	tunetest.elf
Finished building: default.size.stdout
 
16:48:24 **** Incremental Build of configuration Debug for project tunetest ****
make -j8 all 
arm-none-eabi-gcc "../Src/main.c" -mcpu=cortex-m4 -std=gnu11 -g3 -DSTM32 -DSTM32F4 -DSTM32F446RETx -DDEBUG -DNUCLEO_F446RE -c -I../Inc -O0 -ffunction-sections -fdata-sections -Wall -fstack-usage -MMD -MP -MF"Src/main.d" -MT"Src/main.o" --specs=nano.specs -mfloat-abi=soft -mthumb -o "Src/main.o"
../Src/main.c: In function 'main':
../Src/main.c:25:20: warning: initialization makes pointer from integer without a cast [-Wint-conversion]
  uint32_t *clock = (uint32_t) RCC_BASE;
                    ^
../Src/main.c:29:22: warning: initialization makes pointer from integer without a cast [-Wint-conversion]
  uint32_t *speaker = (uint32_t) GPIOB_BASE;
                      ^
../Src/main.c:34:19: warning: initialization makes pointer from integer without a cast [-Wint-conversion]
  uint32_t *note = (uint32_t)(ODR*4 + GPIOB_BASE);
                   ^
../Src/main.c:37:2: warning: implicit declaration of function 'delay_ms' [-Wimplicit-function-declaration]
  delay_ms(1);
  ^~~~~~~~
arm-none-eabi-gcc -o "tunetest.elf" @"objects.list"   -mcpu=cortex-m4 -T"C:\Users\yanga\STM32CubeIDE\workspace_1.1.0\tunetest\STM32F446RETX_FLASH.ld" --specs=nosys.specs -Wl,-Map="tunetest.map" -Wl,--gc-sections -static --specs=nano.specs -mfloat-abi=soft -mthumb -u _printf_float -u _scanf_float -Wl,--start-group -lc -lm -Wl,--end-group
Finished building target: tunetest.elf
 
arm-none-eabi-objdump -h -S  tunetest.elf  > "tunetest.list"
arm-none-eabi-objcopy  -O binary  tunetest.elf  "tunetest.bin"
arm-none-eabi-size   tunetest.elf 
   text	   data	    bss	    dec	    hex	filename
  21492	    472	   1584	  23548	   5bfc	tunetest.elf
Finished building: tunetest.list
Finished building: tunetest.bin
Finished building: default.size.stdout
 
 
 
16:48:36 **** Incremental Build of configuration Debug for project tunetest ****
make -j8 all 
arm-none-eabi-size   tunetest.elf 
   text	   data	    bss	    dec	    hex	filename
  21492	    472	   1584	  23548	   5bfc	tunetest.elf
Finished building: default.size.stdout
 
16:50:27 **** Incremental Build of configuration Debug for project tunetest ****
make -j8 all 
arm-none-eabi-gcc "../Src/main.c" -mcpu=cortex-m4 -std=gnu11 -g3 -DSTM32 -DSTM32F4 -DSTM32F446RETx -DDEBUG -DNUCLEO_F446RE -c -I../Inc -O0 -ffunction-sections -fdata-sections -Wall -fstack-usage -MMD -MP -MF"Src/main.d" -MT"Src/main.o" --specs=nano.specs -mfloat-abi=soft -mthumb -o "Src/main.o"
../Src/main.c: In function 'main':
../Src/main.c:25:20: warning: initialization makes pointer from integer without a cast [-Wint-conversion]
  uint32_t *clock = (uint32_t) RCC_BASE;
                    ^
../Src/main.c:29:22: warning: initialization makes pointer from integer without a cast [-Wint-conversion]
  uint32_t *speaker = (uint32_t) GPIOB_BASE;
                      ^
../Src/main.c:34:19: warning: initialization makes pointer from integer without a cast [-Wint-conversion]
  uint32_t *note = (uint32_t)(ODR*4 + GPIOB_BASE);
                   ^
../Src/main.c:37:2: warning: implicit declaration of function 'delay_ms' [-Wimplicit-function-declaration]
  delay_ms(1);
  ^~~~~~~~
arm-none-eabi-gcc -o "tunetest.elf" @"objects.list"   -mcpu=cortex-m4 -T"C:\Users\yanga\STM32CubeIDE\workspace_1.1.0\tunetest\STM32F446RETX_FLASH.ld" --specs=nosys.specs -Wl,-Map="tunetest.map" -Wl,--gc-sections -static --specs=nano.specs -mfloat-abi=soft -mthumb -u _printf_float -u _scanf_float -Wl,--start-group -lc -lm -Wl,--end-group
Finished building target: tunetest.elf
 
arm-none-eabi-objdump -h -S  tunetest.elf  > "tunetest.list"
arm-none-eabi-objcopy  -O binary  tunetest.elf  "tunetest.bin"
arm-none-eabi-size   tunetest.elf 
   text	   data	    bss	    dec	    hex	filename
  21492	    472	   1584	  23548	   5bfc	tunetest.elf
Finished building: tunetest.list
Finished building: tunetest.bin
Finished building: default.size.stdout
 
 
 
16:50:37 **** Incremental Build of configuration Debug for project tunetest ****
make -j8 all 
arm-none-eabi-size   tunetest.elf 
   text	   data	    bss	    dec	    hex	filename
  21492	    472	   1584	  23548	   5bfc	tunetest.elf
Finished building: default.size.stdout
 
16:50:53 **** Incremental Build of configuration Debug for project tunetest ****
make -j8 all 
arm-none-eabi-size   tunetest.elf 
   text	   data	    bss	    dec	    hex	filename
  21492	    472	   1584	  23548	   5bfc	tunetest.elf
Finished building: default.size.stdout
 
16:51:47 **** Incremental Build of configuration Debug for project tunetest ****
make -j8 all 
arm-none-eabi-gcc "../Src/main.c" -mcpu=cortex-m4 -std=gnu11 -g3 -DSTM32 -DSTM32F4 -DSTM32F446RETx -DDEBUG -DNUCLEO_F446RE -c -I../Inc -O0 -ffunction-sections -fdata-sections -Wall -fstack-usage -MMD -MP -MF"Src/main.d" -MT"Src/main.o" --specs=nano.specs -mfloat-abi=soft -mthumb -o "Src/main.o"
../Src/main.c: In function 'main':
../Src/main.c:25:20: warning: initialization makes pointer from integer without a cast [-Wint-conversion]
  uint32_t *clock = (uint32_t) RCC_BASE;
                    ^
../Src/main.c:29:22: warning: initialization makes pointer from integer without a cast [-Wint-conversion]
  uint32_t *speaker = (uint32_t) GPIOB_BASE;
                      ^
../Src/main.c:34:19: warning: initialization makes pointer from integer without a cast [-Wint-conversion]
  uint32_t *note = (uint32_t)(ODR*4 + GPIOB_BASE);
                   ^
../Src/main.c:37:2: warning: implicit declaration of function 'delay_ms' [-Wimplicit-function-declaration]
  delay_ms(1);
  ^~~~~~~~
arm-none-eabi-gcc -o "tunetest.elf" @"objects.list"   -mcpu=cortex-m4 -T"C:\Users\yanga\STM32CubeIDE\workspace_1.1.0\tunetest\STM32F446RETX_FLASH.ld" --specs=nosys.specs -Wl,-Map="tunetest.map" -Wl,--gc-sections -static --specs=nano.specs -mfloat-abi=soft -mthumb -u _printf_float -u _scanf_float -Wl,--start-group -lc -lm -Wl,--end-group
Finished building target: tunetest.elf
 
arm-none-eabi-objdump -h -S  tunetest.elf  > "tunetest.list"
arm-none-eabi-objcopy  -O binary  tunetest.elf  "tunetest.bin"
arm-none-eabi-size   tunetest.elf 
   text	   data	    bss	    dec	    hex	filename
  21492	    472	   1584	  23548	   5bfc	tunetest.elf
Finished building: tunetest.list
Finished building: tunetest.bin
Finished building: default.size.stdout
 
 
 
16:52:03 **** Incremental Build of configuration Debug for project tunetest ****
make -j8 all 
arm-none-eabi-size   tunetest.elf 
   text	   data	    bss	    dec	    hex	filename
  21492	    472	   1584	  23548	   5bfc	tunetest.elf
Finished building: default.size.stdout
 
16:52:26 **** Incremental Build of configuration Debug for project tunetest ****
make -j8 all 
arm-none-eabi-gcc "../Src/main.c" -mcpu=cortex-m4 -std=gnu11 -g3 -DSTM32 -DSTM32F4 -DSTM32F446RETx -DDEBUG -DNUCLEO_F446RE -c -I../Inc -O0 -ffunction-sections -fdata-sections -Wall -fstack-usage -MMD -MP -MF"Src/main.d" -MT"Src/main.o" --specs=nano.specs -mfloat-abi=soft -mthumb -o "Src/main.o"
../Src/main.c: In function 'main':
../Src/main.c:25:20: warning: initialization makes pointer from integer without a cast [-Wint-conversion]
  uint32_t *clock = (uint32_t) RCC_BASE;
                    ^
../Src/main.c:29:22: warning: initialization makes pointer from integer without a cast [-Wint-conversion]
  uint32_t *speaker = (uint32_t) GPIOB_BASE;
                      ^
../Src/main.c:34:19: warning: initialization makes pointer from integer without a cast [-Wint-conversion]
  uint32_t *note = (uint32_t)(ODR*4 + GPIOB_BASE);
                   ^
../Src/main.c:37:2: warning: implicit declaration of function 'delay_ms' [-Wimplicit-function-declaration]
  delay_ms(1);
  ^~~~~~~~
arm-none-eabi-gcc -o "tunetest.elf" @"objects.list"   -mcpu=cortex-m4 -T"C:\Users\yanga\STM32CubeIDE\workspace_1.1.0\tunetest\STM32F446RETX_FLASH.ld" --specs=nosys.specs -Wl,-Map="tunetest.map" -Wl,--gc-sections -static --specs=nano.specs -mfloat-abi=soft -mthumb -u _printf_float -u _scanf_float -Wl,--start-group -lc -lm -Wl,--end-group
Finished building target: tunetest.elf
 
arm-none-eabi-objdump -h -S  tunetest.elf  > "tunetest.list"
arm-none-eabi-objcopy  -O binary  tunetest.elf  "tunetest.bin"
arm-none-eabi-size   tunetest.elf 
   text	   data	    bss	    dec	    hex	filename
  21492	    472	   1584	  23548	   5bfc	tunetest.elf
Finished building: tunetest.list
Finished building: tunetest.bin
Finished building: default.size.stdout
 
 
 
16:52:43 **** Incremental Build of configuration Debug for project tunetest ****
make -j8 all 
arm-none-eabi-size   tunetest.elf 
   text	   data	    bss	    dec	    hex	filename
  21492	    472	   1584	  23548	   5bfc	tunetest.elf
Finished building: default.size.stdout
 
16:56:23 **** Incremental Build of configuration Debug for project tunetest ****
make -j8 all 
arm-none-eabi-gcc "../Src/main.c" -mcpu=cortex-m4 -std=gnu11 -g3 -DSTM32 -DSTM32F4 -DSTM32F446RETx -DDEBUG -DNUCLEO_F446RE -c -I../Inc -O0 -ffunction-sections -fdata-sections -Wall -fstack-usage -MMD -MP -MF"Src/main.d" -MT"Src/main.o" --specs=nano.specs -mfloat-abi=soft -mthumb -o "Src/main.o"
../Src/main.c: In function 'main':
../Src/main.c:25:20: warning: initialization makes pointer from integer without a cast [-Wint-conversion]
  uint32_t *clock = (uint32_t) RCC_BASE;
                    ^
../Src/main.c:29:22: warning: initialization makes pointer from integer without a cast [-Wint-conversion]
  uint32_t *speaker = (uint32_t) GPIOB_BASE;
                      ^
../Src/main.c:34:19: warning: initialization makes pointer from integer without a cast [-Wint-conversion]
  uint32_t *note = (uint32_t)(0x20 + GPIOB_BASE);
                   ^
../Src/main.c:37:2: warning: implicit declaration of function 'delay_ms' [-Wimplicit-function-declaration]
  delay_ms(1);
  ^~~~~~~~
arm-none-eabi-gcc -o "tunetest.elf" @"objects.list"   -mcpu=cortex-m4 -T"C:\Users\yanga\STM32CubeIDE\workspace_1.1.0\tunetest\STM32F446RETX_FLASH.ld" --specs=nosys.specs -Wl,-Map="tunetest.map" -Wl,--gc-sections -static --specs=nano.specs -mfloat-abi=soft -mthumb -u _printf_float -u _scanf_float -Wl,--start-group -lc -lm -Wl,--end-group
Finished building target: tunetest.elf
 
arm-none-eabi-objdump -h -S  tunetest.elf  > "tunetest.list"
arm-none-eabi-objcopy  -O binary  tunetest.elf  "tunetest.bin"
arm-none-eabi-size   tunetest.elf 
   text	   data	    bss	    dec	    hex	filename
  21492	    472	   1584	  23548	   5bfc	tunetest.elf
Finished building: default.size.stdout
Finished building: tunetest.list
Finished building: tunetest.bin
 
 
 
16:56:35 **** Incremental Build of configuration Debug for project tunetest ****
make -j8 all 
arm-none-eabi-size   tunetest.elf 
   text	   data	    bss	    dec	    hex	filename
  21492	    472	   1584	  23548	   5bfc	tunetest.elf
Finished building: default.size.stdout
 
16:56:57 **** Incremental Build of configuration Debug for project tunetest ****
make -j8 all 
arm-none-eabi-size   tunetest.elf 
   text	   data	    bss	    dec	    hex	filename
  21492	    472	   1584	  23548	   5bfc	tunetest.elf
Finished building: default.size.stdout
 
16:59:00 **** Incremental Build of configuration Debug for project tunetest ****
make -j8 all 
arm-none-eabi-gcc "../Src/main.c" -mcpu=cortex-m4 -std=gnu11 -g3 -DSTM32 -DSTM32F4 -DSTM32F446RETx -DDEBUG -DNUCLEO_F446RE -c -I../Inc -O0 -ffunction-sections -fdata-sections -Wall -fstack-usage -MMD -MP -MF"Src/main.d" -MT"Src/main.o" --specs=nano.specs -mfloat-abi=soft -mthumb -o "Src/main.o"
../Src/main.c: In function 'main':
../Src/main.c:25:20: warning: initialization makes pointer from integer without a cast [-Wint-conversion]
  uint32_t *clock = (uint32_t) RCC_BASE;
                    ^
../Src/main.c:29:22: warning: initialization makes pointer from integer without a cast [-Wint-conversion]
  uint32_t *speaker = (uint32_t) GPIOB_BASE;
                      ^
../Src/main.c:34:19: warning: initialization makes pointer from integer without a cast [-Wint-conversion]
  uint32_t *note = (uint32_t)(0x20 + GPIOB_BASE);
                   ^
../Src/main.c:37:2: warning: implicit declaration of function 'delay_ms' [-Wimplicit-function-declaration]
  delay_ms(1);
  ^~~~~~~~
arm-none-eabi-gcc -o "tunetest.elf" @"objects.list"   -mcpu=cortex-m4 -T"C:\Users\yanga\STM32CubeIDE\workspace_1.1.0\tunetest\STM32F446RETX_FLASH.ld" --specs=nosys.specs -Wl,-Map="tunetest.map" -Wl,--gc-sections -static --specs=nano.specs -mfloat-abi=soft -mthumb -u _printf_float -u _scanf_float -Wl,--start-group -lc -lm -Wl,--end-group
Finished building target: tunetest.elf
 
arm-none-eabi-objdump -h -S  tunetest.elf  > "tunetest.list"
arm-none-eabi-objcopy  -O binary  tunetest.elf  "tunetest.bin"
arm-none-eabi-size   tunetest.elf 
   text	   data	    bss	    dec	    hex	filename
  21492	    472	   1584	  23548	   5bfc	tunetest.elf
Finished building: default.size.stdout
Finished building: tunetest.list
Finished building: tunetest.bin
 
 
 
17:08:44 **** Incremental Build of configuration Debug for project tunetest ****
make -j8 all 
[...]
make -j8 all 
arm-none-eabi-gcc "../Core/Src/main.c" -mcpu=cortex-m4 -std=gnu11 -g3 -DUSE_HAL_DRIVER -DSTM32F446xx -DDEBUG -c -I../Drivers/CMSIS/Include -I../Drivers/STM32F4xx_HAL_Driver/Inc -I../Core/Inc -I../Drivers/CMSIS/Device/ST/STM32F4xx/Include -I../Drivers/STM32F4xx_HAL_Driver/Inc/Legacy -O0 -ffunction-sections -fdata-sections -Wall -fstack-usage -MMD -MP -MF"Core/Src/main.d" -MT"Core/Src/main.o" --specs=nano.specs -mfpu=fpv4-sp-d16 -mfloat-abi=hard -mthumb -o "Core/Src/main.o"
arm-none-eabi-gcc -o "Song.elf" @"objects.list"   -mcpu=cortex-m4 -T"C:\Users\yanga\STM32CubeIDE\workspace_1.1.0\Song\STM32F446RETX_FLASH.ld" --specs=nosys.specs -Wl,-Map="Song.map" -Wl,--gc-sections -static --specs=nano.specs -mfpu=fpv4-sp-d16 -mfloat-abi=hard -mthumb -Wl,--start-group -lc -lm -Wl,--end-group
Finished building target: Song.elf
 
arm-none-eabi-objdump -h -S  Song.elf  > "Song.list"
arm-none-eabi-objcopy  -O binary  Song.elf  "Song.bin"
arm-none-eabi-size   Song.elf 
   text	   data	    bss	    dec	    hex	filename
   9324	     20	   1700	  11044	   2b24	Song.elf
Finished building: Song.list
Finished building: Song.bin
Finished building: default.size.stdout
 
 
 
09:59:35 **** Incremental Build of configuration Debug for project Song ****
make -j8 all 
arm-none-eabi-size   Song.elf 
   text	   data	    bss	    dec	    hex	filename
   9324	     20	   1700	  11044	   2b24	Song.elf
Finished building: default.size.stdout
 
10:00:10 **** Incremental Build of configuration Debug for project Song ****
make -j8 all 
arm-none-eabi-gcc "../Core/Src/main.c" -mcpu=cortex-m4 -std=gnu11 -g3 -DUSE_HAL_DRIVER -DSTM32F446xx -DDEBUG -c -I../Drivers/CMSIS/Include -I../Drivers/STM32F4xx_HAL_Driver/Inc -I../Core/Inc -I../Drivers/CMSIS/Device/ST/STM32F4xx/Include -I../Drivers/STM32F4xx_HAL_Driver/Inc/Legacy -O0 -ffunction-sections -fdata-sections -Wall -fstack-usage -MMD -MP -MF"Core/Src/main.d" -MT"Core/Src/main.o" --specs=nano.specs -mfpu=fpv4-sp-d16 -mfloat-abi=hard -mthumb -o "Core/Src/main.o"
arm-none-eabi-gcc -o "Song.elf" @"objects.list"   -mcpu=cortex-m4 -T"C:\Users\yanga\STM32CubeIDE\workspace_1.1.0\Song\STM32F446RETX_FLASH.ld" --specs=nosys.specs -Wl,-Map="Song.map" -Wl,--gc-sections -static --specs=nano.specs -mfpu=fpv4-sp-d16 -mfloat-abi=hard -mthumb -Wl,--start-group -lc -lm -Wl,--end-group
Finished building target: Song.elf
 
arm-none-eabi-objdump -h -S  Song.elf  > "Song.list"
arm-none-eabi-objcopy  -O binary  Song.elf  "Song.bin"
arm-none-eabi-size   Song.elf 
   text	   data	    bss	    dec	    hex	filename
   9320	     20	   1700	  11040	   2b20	Song.elf
Finished building: Song.list
Finished building: Song.bin
Finished building: default.size.stdout
 
 
 
10:00:22 **** Incremental Build of configuration Debug for project Song ****
make -j8 all 
arm-none-eabi-size   Song.elf 
   text	   data	    bss	    dec	    hex	filename
   9320	     20	   1700	  11040	   2b20	Song.elf
Finished building: default.size.stdout
 
10:00:47 **** Incremental Build of configuration Debug for project Song ****
make -j8 all 
arm-none-eabi-gcc "../Core/Src/main.c" -mcpu=cortex-m4 -std=gnu11 -g3 -DUSE_HAL_DRIVER -DSTM32F446xx -DDEBUG -c -I../Drivers/CMSIS/Include -I../Drivers/STM32F4xx_HAL_Driver/Inc -I../Core/Inc -I../Drivers/CMSIS/Device/ST/STM32F4xx/Include -I../Drivers/STM32F4xx_HAL_Driver/Inc/Legacy -O0 -ffunction-sections -fdata-sections -Wall -fstack-usage -MMD -MP -MF"Core/Src/main.d" -MT"Core/Src/main.o" --specs=nano.specs -mfpu=fpv4-sp-d16 -mfloat-abi=hard -mthumb -o "Core/Src/main.o"
arm-none-eabi-gcc -o "Song.elf" @"objects.list"   -mcpu=cortex-m4 -T"C:\Users\yanga\STM32CubeIDE\workspace_1.1.0\Song\STM32F446RETX_FLASH.ld" --specs=nosys.specs -Wl,-Map="Song.map" -Wl,--gc-sections -static --specs=nano.specs -mfpu=fpv4-sp-d16 -mfloat-abi=hard -mthumb -Wl,--start-group -lc -lm -Wl,--end-group
Finished building target: Song.elf
 
arm-none-eabi-objdump -h -S  Song.elf  > "Song.list"
arm-none-eabi-objcopy  -O binary  Song.elf  "Song.bin"
arm-none-eabi-size   Song.elf 
   text	   data	    bss	    dec	    hex	filename
   9320	     20	   1700	  11040	   2b20	Song.elf
Finished building: Song.list
Finished building: Song.bin
Finished building: default.size.stdout
 
 
 
10:01:00 **** Incremental Build of configuration Debug for project Song ****
make -j8 all 
arm-none-eabi-size   Song.elf 
   text	   data	    bss	    dec	    hex	filename
   9320	     20	   1700	  11040	   2b20	Song.elf
Finished building: default.size.stdout
 
10:01:50 **** Incremental Build of configuration Debug for project Song ****
make -j8 all 
arm-none-eabi-gcc "../Core/Src/main.c" -mcpu=cortex-m4 -std=gnu11 -g3 -DUSE_HAL_DRIVER -DSTM32F446xx -DDEBUG -c -I../Drivers/CMSIS/Include -I../Drivers/STM32F4xx_HAL_Driver/Inc -I../Core/Inc -I../Drivers/CMSIS/Device/ST/STM32F4xx/Include -I../Drivers/STM32F4xx_HAL_Driver/Inc/Legacy -O0 -ffunction-sections -fdata-sections -Wall -fstack-usage -MMD -MP -MF"Core/Src/main.d" -MT"Core/Src/main.o" --specs=nano.specs -mfpu=fpv4-sp-d16 -mfloat-abi=hard -mthumb -o "Core/Src/main.o"
../Core/Src/main.c: In function 'main':
../Core/Src/main.c:100:5: error: 'GPIOB_AFRL' undeclared (first use in this function); did you mean 'GPIOB_BASE'?
   *(GPIOB_AFRL) &= ~(0xF << 16);
     ^~~~~~~~~~
     GPIOB_BASE
../Core/Src/main.c:100:5: note: each undeclared identifier is reported only once for each function it appears in
make: *** [Core/Src/subdir.mk:33: Core/Src/main.o] Error 1
"make -j8 all" terminated with exit code 2. Build might be incomplete.
10:02:29 **** Incremental Build of configuration Debug for project Song ****
make -j8 all 
arm-none-eabi-gcc "../Core/Src/main.c" -mcpu=cortex-m4 -std=gnu11 -g3 -DUSE_HAL_DRIVER -DSTM32F446xx -DDEBUG -c -I../Drivers/CMSIS/Include -I../Drivers/STM32F4xx_HAL_Driver/Inc -I../Core/Inc -I../Drivers/CMSIS/Device/ST/STM32F4xx/Include -I../Drivers/STM32F4xx_HAL_Driver/Inc/Legacy -O0 -ffunction-sections -fdata-sections -Wall -fstack-usage -MMD -MP -MF"Core/Src/main.d" -MT"Core/Src/main.o" --specs=nano.specs -mfpu=fpv4-sp-d16 -mfloat-abi=hard -mthumb -o "Core/Src/main.o"
arm-none-eabi-gcc -o "Song.elf" @"objects.list"   -mcpu=cortex-m4 -T"C:\Users\yanga\STM32CubeIDE\workspace_1.1.0\Song\STM32F446RETX_FLASH.ld" --specs=nosys.specs -Wl,-Map="Song.map" -Wl,--gc-sections -static --specs=nano.specs -mfpu=fpv4-sp-d16 -mfloat-abi=hard -mthumb -Wl,--start-group -lc -lm -Wl,--end-group
Finished building target: Song.elf
 
arm-none-eabi-objdump -h -S  Song.elf  > "Song.list"
arm-none-eabi-objcopy  -O binary  Song.elf  "Song.bin"
arm-none-eabi-size   Song.elf 
   text	   data	    bss	    dec	    hex	filename
   9348	     20	   1700	  11068	   2b3c	Song.elf
Finished building: Song.list
Finished building: Song.bin
Finished building: default.size.stdout
 
 
 
10:02:38 **** Incremental Build of configuration Debug for project Song ****
make -j8 all 
arm-none-eabi-size   Song.elf 
   text	   data	    bss	    dec	    hex	filename
   9348	     20	   1700	  11068	   2b3c	Song.elf
Finished building: default.size.stdout
 
13:02:02 **** Incremental Build of configuration Debug for project Song ****
make -j8 all 
arm-none-eabi-gcc "../Core/Src/main.c" -mcpu=cortex-m4 -std=gnu11 -g3 -DUSE_HAL_DRIVER -DSTM32F446xx -DDEBUG -c -I../Drivers/CMSIS/Include -I../Drivers/STM32F4xx_HAL_Driver/Inc -I../Core/Inc -I../Drivers/CMSIS/Device/ST/STM32F4xx/Include -I../Drivers/STM32F4xx_HAL_Driver/Inc/Legacy -O0 -ffunction-sections -fdata-sections -Wall -fstack-usage -MMD -MP -MF"Core/Src/main.d" -MT"Core/Src/main.o" --specs=nano.specs -mfpu=fpv4-sp-d16 -mfloat-abi=hard -mthumb -o "Core/Src/main.o"
arm-none-eabi-gcc -o "Song.elf" @"objects.list"   -mcpu=cortex-m4 -T"C:\Users\yanga\STM32CubeIDE\workspace_1.1.0\Song\STM32F446RETX_FLASH.ld" --specs=nosys.specs -Wl,-Map="Song.map" -Wl,--gc-sections -static --specs=nano.specs -mfpu=fpv4-sp-d16 -mfloat-abi=hard -mthumb -Wl,--start-group -lc -lm -Wl,--end-group
Finished building target: Song.elf
 
arm-none-eabi-objdump -h -S  Song.elf  > "Song.list"
arm-none-eabi-objcopy  -O binary  Song.elf  "Song.bin"
arm-none-eabi-size   Song.elf 
   text	   data	    bss	    dec	    hex	filename
   9320	     20	   1700	  11040	   2b20	Song.elf
Finished building: default.size.stdout
Finished building: Song.list
Finished building: Song.bin
 
 
 
13:02:13 **** Incremental Build of configuration Debug for project Song ****
make -j8 all 
arm-none-eabi-size   Song.elf 
   text	   data	    bss	    dec	    hex	filename
   9320	     20	   1700	  11040	   2b20	Song.elf
Finished building: default.size.stdout
 
13:20:17 **** Incremental Build of configuration Debug for project tunetest ****
make -j8 all 
arm-none-eabi-gcc "../Src/main.c" -mcpu=cortex-m4 -std=gnu11 -g3 -DSTM32 -DSTM32F4 -DSTM32F446RETx -DDEBUG -DNUCLEO_F446RE -c -I../Inc -O0 -ffunction-sections -fdata-sections -Wall -fstack-usage -MMD -MP -MF"Src/main.d" -MT"Src/main.o" --specs=nano.specs -mfloat-abi=soft -mthumb -o "Src/main.o"
In file included from ../Src/main.c:19:0:
../Inc/speaker.h:15:0: warning: "GPIOB_BASE" redefined
 #define GPIOB_BASE (volatile uint32_t*) 0x40020400
 
In file included from ../Src/main.c:14:0:
../Inc/registers.h:38:0: note: this is the location of the previous definition
 #define GPIOB_BASE 0x40020400
 
../Src/main.c: In function 'main':
../Src/main.c:30:20: warning: initialization makes pointer from integer without a cast [-Wint-conversion]
  uint32_t *clock = (uint32_t) RCC_BASE;
                    ^
../Src/main.c:40:2: error: unknown type name 'Tone'; did you mean 'tone'?
  Tone a[2] = {Do, 100};
  ^~~~
  tone
../Src/main.c:42:7: warning: passing argument 1 of 'play' from incompatible pointer type [-Wincompatible-pointer-types]
  play(a, 1);
       ^
In file included from ../Src/main.c:19:0:
../Inc/speaker.h:53:6: note: expected 'tone * {aka struct <anonymous> *}' but argument is of type 'int *'
 void play(tone tones[], int size);
      ^~~~
../Src/main.c: In function 'speak':
../Src/main.c:84:5: warning: implicit declaration of function 'delay_1ms'; did you mean 'delay_ms'? [-Wimplicit-function-declaration]
     delay_1ms(d_time);
     ^~~~~~~~~
     delay_ms
make: *** [Src/subdir.mk:32: Src/main.o] Error 1
"make -j8 all" terminated with exit code 2. Build might be incomplete.
13:21:10 **** Incremental Build of configuration Debug for project tunetest ****
make -j8 all 
arm-none-eabi-gcc "../Src/main.c" -mcpu=cortex-m4 -std=gnu11 -g3 -DSTM32 -DSTM32F4 -DSTM32F446RETx -DDEBUG -DNUCLEO_F446RE -c -I../Inc -O0 -ffunction-sections -fdata-sections -Wall -fstack-usage -MMD -MP -MF"Src/main.d" -MT"Src/main.o" --specs=nano.specs -mfloat-abi=soft -mthumb -o "Src/main.o"
In file included from ../Src/main.c:19:0:
../Inc/speaker.h:15:0: warning: "GPIOB_BASE" redefined
 #define GPIOB_BASE (volatile uint32_t*) 0x40020400
 
In file included from ../Src/main.c:14:0:
../Inc/registers.h:38:0: note: this is the location of the previous definition
 #define GPIOB_BASE 0x40020400
 
../Src/main.c: In function 'main':
../Src/main.c:30:20: warning: initialization makes pointer from integer without a cast [-Wint-conversion]
  uint32_t *clock = (uint32_t) RCC_BASE;
                    ^
../Src/main.c:41:8: error: expected expression before '{' token
  a[0]= {Do, 100};
        ^
../Src/main.c: In function 'speak':
../Src/main.c:86:5: warning: implicit declaration of function 'delay_1ms'; did you mean 'delay_ms'? [-Wimplicit-function-declaration]
     delay_1ms(d_time);
     ^~~~~~~~~
     delay_ms
make: *** [Src/subdir.mk:32: Src/main.o] Error 1
"make -j8 all" terminated with exit code 2. Build might be incomplete.
13:21:54 **** Incremental Build of configuration Debug for project tunetest ****
make -j8 all 
arm-none-eabi-gcc "../Src/main.c" -mcpu=cortex-m4 -std=gnu11 -g3 -DSTM32 -DSTM32F4 -DSTM32F446RETx -DDEBUG -DNUCLEO_F446RE -c -I../Inc -O0 -ffunction-sections -fdata-sections -Wall -fstack-usage -MMD -MP -MF"Src/main.d" -MT"Src/main.o" --specs=nano.specs -mfloat-abi=soft -mthumb -o "Src/main.o"
In file included from ../Src/main.c:19:0:
../Inc/speaker.h:15:0: warning: "GPIOB_BASE" redefined
 #define GPIOB_BASE (volatile uint32_t*) 0x40020400
 
In file included from ../Src/main.c:14:0:
../Inc/registers.h:38:0: note: this is the location of the previous definition
 #define GPIOB_BASE 0x40020400
 
../Src/main.c: In function 'main':
../Src/main.c:30:20: warning: initialization makes pointer from integer without a cast [-Wint-conversion]
  uint32_t *clock = (uint32_t) RCC_BASE;
                    ^
../Src/main.c: In function 'speak':
../Src/main.c:87:5: warning: implicit declaration of function 'delay_1ms'; did you mean 'delay_ms'? [-Wimplicit-function-declaration]
     delay_1ms(d_time);
     ^~~~~~~~~
     delay_ms
arm-none-eabi-gcc -o "tunetest.elf" @"objects.list"   -mcpu=cortex-m4 -T"C:\Users\yanga\STM32CubeIDE\workspace_1.1.0\tunetest\STM32F446RETX_FLASH.ld" --specs=nosys.specs -Wl,-Map="tunetest.map" -Wl,--gc-sections -static --specs=nano.specs -mfloat-abi=soft -mthumb -u _printf_float -u _scanf_float -Wl,--start-group -lc -lm -Wl,--end-group
Src/main.o: In function `speak':
C:/Users/yanga/STM32CubeIDE/workspace_1.1.0/tunetest/Debug/../Src/main.c:87: undefined reference to `delay_1ms'
collect2.exe: error: ld returned 1 exit status
make: *** [makefile:43: tunetest.elf] Error 1
"make -j8 all" terminated with exit code 2. Build might be incomplete.
13:23:26 **** Incremental Build of configuration Debug for project tunetest ****
make -j8 all 
arm-none-eabi-gcc "../Src/main.c" -mcpu=cortex-m4 -std=gnu11 -g3 -DSTM32 -DSTM32F4 -DSTM32F446RETx -DDEBUG -DNUCLEO_F446RE -c -I../Inc -O0 -ffunction-sections -fdata-sections -Wall -fstack-usage -MMD -MP -MF"Src/main.d" -MT"Src/main.o" --specs=nano.specs -mfloat-abi=soft -mthumb -o "Src/main.o"
In file included from ../Src/main.c:19:0:
../Inc/speaker.h:15:0: warning: "GPIOB_BASE" redefined
 #define GPIOB_BASE (volatile uint32_t*) 0x40020400
 
In file included from ../Src/main.c:14:0:
../Inc/registers.h:38:0: note: this is the location of the previous definition
 #define GPIOB_BASE 0x40020400
 
../Src/main.c: In function 'speak':
../Src/main.c:87:5: warning: implicit declaration of function 'delay_1ms'; did you mean 'delay_ms'? [-Wimplicit-function-declaration]
     delay_1ms(d_time);
     ^~~~~~~~~
     delay_ms
arm-none-eabi-gcc -o "tunetest.elf" @"objects.list"   -mcpu=cortex-m4 -T"C:\Users\yanga\STM32CubeIDE\workspace_1.1.0\tunetest\STM32F446RETX_FLASH.ld" --specs=nosys.specs -Wl,-Map="tunetest.map" -Wl,--gc-sections -static --specs=nano.specs -mfloat-abi=soft -mthumb -u _printf_float -u _scanf_float -Wl,--start-group -lc -lm -Wl,--end-group
Src/main.o: In function `speak':
C:/Users/yanga/STM32CubeIDE/workspace_1.1.0/tunetest/Debug/../Src/main.c:87: undefined reference to `delay_1ms'
collect2.exe: error: ld returned 1 exit status
make: *** [makefile:43: tunetest.elf] Error 1
"make -j8 all" terminated with exit code 2. Build might be incomplete.
13:24:00 **** Incremental Build of configuration Debug for project tunetest ****
make -j8 all 
arm-none-eabi-gcc "../Src/main.c" -mcpu=cortex-m4 -std=gnu11 -g3 -DSTM32 -DSTM32F4 -DSTM32F446RETx -DDEBUG -DNUCLEO_F446RE -c -I../Inc -O0 -ffunction-sections -fdata-sections -Wall -fstack-usage -MMD -MP -MF"Src/main.d" -MT"Src/main.o" --specs=nano.specs -mfloat-abi=soft -mthumb -o "Src/main.o"
In file included from ../Src/main.c:19:0:
../Inc/speaker.h:15:0: warning: "GPIOB_BASE" redefined
 #define GPIOB_BASE (volatile uint32_t*) 0x40020400
 
In file included from ../Src/main.c:14:0:
../Inc/registers.h:38:0: note: this is the location of the previous definition
 #define GPIOB_BASE 0x40020400
 
arm-none-eabi-gcc -o "tunetest.elf" @"objects.list"   -mcpu=cortex-m4 -T"C:\Users\yanga\STM32CubeIDE\workspace_1.1.0\tunetest\STM32F446RETX_FLASH.ld" --specs=nosys.specs -Wl,-Map="tunetest.map" -Wl,--gc-sections -static --specs=nano.specs -mfloat-abi=soft -mthumb -u _printf_float -u _scanf_float -Wl,--start-group -lc -lm -Wl,--end-group
Finished building target: tunetest.elf
 
arm-none-eabi-objdump -h -S  tunetest.elf  > "tunetest.list"
arm-none-eabi-objcopy  -O binary  tunetest.elf  "tunetest.bin"
arm-none-eabi-size   tunetest.elf 
   text	   data	    bss	    dec	    hex	filename
  21756	    472	   1584	  23812	   5d04	tunetest.elf
Finished building: default.size.stdout
Finished building: tunetest.list
Finished building: tunetest.bin
 
 
 
13:24:09 **** Incremental Build of configuration Debug for project tunetest ****
make -j8 all 
arm-none-eabi-size   tunetest.elf 
   text	   data	    bss	    dec	    hex	filename
  21756	    472	   1584	  23812	   5d04	tunetest.elf
Finished building: default.size.stdout
 
13:30:01 **** Incremental Build of configuration Debug for project Song ****
make -j8 all 
arm-none-eabi-gcc "../Core/Src/main.c" -mcpu=cortex-m4 -std=gnu11 -g3 -DUSE_HAL_DRIVER -DSTM32F446xx -DDEBUG -c -I../Drivers/CMSIS/Include -I../Drivers/STM32F4xx_HAL_Driver/Inc -I../Core/Inc -I../Drivers/CMSIS/Device/ST/STM32F4xx/Include -I../Drivers/STM32F4xx_HAL_Driver/Inc/Legacy -O0 -ffunction-sections -fdata-sections -Wall -fstack-usage -MMD -MP -MF"Core/Src/main.d" -MT"Core/Src/main.o" --specs=nano.specs -mfpu=fpv4-sp-d16 -mfloat-abi=hard -mthumb -o "Core/Src/main.o"
arm-none-eabi-gcc -o "Song.elf" @"objects.list"   -mcpu=cortex-m4 -T"C:\Users\yanga\STM32CubeIDE\workspace_1.1.0\Song\STM32F446RETX_FLASH.ld" --specs=nosys.specs -Wl,-Map="Song.map" -Wl,--gc-sections -static --specs=nano.specs -mfpu=fpv4-sp-d16 -mfloat-abi=hard -mthumb -Wl,--start-group -lc -lm -Wl,--end-group
Finished building target: Song.elf
 
arm-none-eabi-objdump -h -S  Song.elf  > "Song.list"
arm-none-eabi-objcopy  -O binary  Song.elf  "Song.bin"
arm-none-eabi-size   Song.elf 
   text	   data	    bss	    dec	    hex	filename
   9336	     20	   1700	  11056	   2b30	Song.elf
Finished building: Song.list
Finished building: Song.bin
Finished building: default.size.stdout
 
 
 
13:30:10 **** Incremental Build of configuration Debug for project Song ****
make -j8 all 
arm-none-eabi-size   Song.elf 
   text	   data	    bss	    dec	    hex	filename
   9336	     20	   1700	  11056	   2b30	Song.elf
Finished building: default.size.stdout
 
13:30:41 **** Incremental Build of configuration Debug for project Song ****
make -j8 all 
arm-none-eabi-size   Song.elf 
   text	   data	    bss	    dec	    hex	filename
   9336	     20	   1700	  11056	   2b30	Song.elf
Finished building: default.size.stdout
 
13:31:36 **** Incremental Build of configuration Debug for project Song ****
make -j8 all 
arm-none-eabi-size   Song.elf 
   text	   data	    bss	    dec	    hex	filename
   9336	     20	   1700	  11056	   2b30	Song.elf
Finished building: default.size.stdout
 
13:31:42 **** Incremental Build of configuration Debug for project Song ****
make -j8 all 
arm-none-eabi-size   Song.elf 
   text	   data	    bss	    dec	    hex	filename
   9336	     20	   1700	  11056	   2b30	Song.elf
Finished building: default.size.stdout
 
13:31:51 **** Incremental Build of configuration Debug for project Song ****
make -j8 all 
arm-none-eabi-size   Song.elf 
   text	   data	    bss	    dec	    hex	filename
   9336	     20	   1700	  11056	   2b30	Song.elf
Finished building: default.size.stdout
 
13:32:03 **** Incremental Build of configuration Debug for project Song ****
make -j8 all 
arm-none-eabi-size   Song.elf 
   text	   data	    bss	    dec	    hex	filename
   9336	     20	   1700	  11056	   2b30	Song.elf
Finished building: default.size.stdout
 
13:32:16 **** Incremental Build of configuration Debug for project Song ****
make -j8 all 
arm-none-eabi-size   Song.elf 
   text	   data	    bss	    dec	    hex	filename
   9336	     20	   1700	  11056	   2b30	Song.elf
Finished building: default.size.stdout
 
13:32:24 **** Incremental Build of configuration Debug for project Song ****
make -j8 all 
arm-none-eabi-size   Song.elf 
   text	   data	    bss	    dec	    hex	filename
   9336	     20	   1700	  11056	   2b30	Song.elf
Finished building: default.size.stdout
 
