23:26:33 **** Incremental Build of configuration Debug for project KnightRiderLights ****
make -j8 all 
arm-none-eabi-gcc -mcpu=cortex-m4 -g3 -c -x assembler-with-cpp --specs=nano.specs -mfloat-abi=soft -mthumb -o "Startup/startup_stm32f446retx.o" "../Startup/startup_stm32f446retx.s"
arm-none-eabi-gcc "../Src/delay.c" -mcpu=cortex-m4 -std=gnu11 -g3 -DSTM32 -DSTM32F4 -DSTM32F446RETx -DDEBUG -DNUCLEO_F446RE -c -I../Inc -O0 -ffunction-sections -fdata-sections -Wall -fstack-usage -MMD -MP -MF"Src/delay.d" -MT"Src/delay.o" --specs=nano.specs -mfloat-abi=soft -mthumb -o "Src/delay.o"
arm-none-eabi-gcc "../Src/main.c" -mcpu=cortex-m4 -std=gnu11 -g3 -DSTM32 -DSTM32F4 -DSTM32F446RETx -DDEBUG -DNUCLEO_F446RE -c -I../Inc -O0 -ffunction-sections -fdata-sections -Wall -fstack-usage -MMD -MP -MF"Src/main.d" -MT"Src/main.o" --specs=nano.specs -mfloat-abi=soft -mthumb -o "Src/main.o"
arm-none-eabi-gcc "../Src/syscalls.c" -mcpu=cortex-m4 -std=gnu11 -g3 -DSTM32 -DSTM32F4 -DSTM32F446RETx -DDEBUG -DNUCLEO_F446RE -c -I../Inc -O0 -ffunction-sections -fdata-sections -Wall -fstack-usage -MMD -MP -MF"Src/syscalls.d" -MT"Src/syscalls.o" --specs=nano.specs -mfloat-abi=soft -mthumb -o "Src/syscalls.o"
arm-none-eabi-gcc "../Src/sysmem.c" -mcpu=cortex-m4 -std=gnu11 -g3 -DSTM32 -DSTM32F4 -DSTM32F446RETx -DDEBUG -DNUCLEO_F446RE -c -I../Inc -O0 -ffunction-sections -fdata-sections -Wall -fstack-usage -MMD -MP -MF"Src/sysmem.d" -MT"Src/sysmem.o" --specs=nano.specs -mfloat-abi=soft -mthumb -o "Src/sysmem.o"
arm-none-eabi-gcc "../Src/uart_driver.c" -mcpu=cortex-m4 -std=gnu11 -g3 -DSTM32 -DSTM32F4 -DSTM32F446RETx -DDEBUG -DNUCLEO_F446RE -c -I../Inc -O0 -ffunction-sections -fdata-sections -Wall -fstack-usage -MMD -MP -MF"Src/uart_driver.d" -MT"Src/uart_driver.o" --specs=nano.specs -mfloat-abi=soft -mthumb -o "Src/uart_driver.o"
../Src/main.c:123:1: warning: "/*" within comment [-Wcomment]
 /*
  
../Src/main.c:138:8: warning: "/*" within comment [-Wcomment]
 #endif /* DELAY_H_ */
         
arm-none-eabi-gcc -o "KnightRiderLights.elf" @"objects.list"   -mcpu=cortex-m4 -T"C:\Users\yanga\STM32CubeIDE\workspace_1.1.0\KnightRiderLights\STM32F446RETX_FLASH.ld" --specs=nosys.specs -Wl,-Map="KnightRiderLights.map" -Wl,--gc-sections -static --specs=nano.specs -mfloat-abi=soft -mthumb -u _printf_float -u _scanf_float -Wl,--start-group -lc -lm -Wl,--end-group
Finished building target: KnightRiderLights.elf
 
arm-none-eabi-size   KnightRiderLights.elf 
arm-none-eabi-objdump -h -S  KnightRiderLights.elf  > "KnightRiderLights.list"
   text	   data	    bss	    dec	    hex	filename
  19664	    472	   1584	  21720	   54d8	KnightRiderLights.elf
arm-none-eabi-objcopy  -O binary  KnightRiderLights.elf  "KnightRiderLights.bin"
Finished building: default.size.stdout
 
Finished building: KnightRiderLights.list
Finished building: KnightRiderLights.bin
 
 

23:26:36 Build Finished. 0 errors, 2 warnings. (took 3s.148ms)

